Archive member included to satisfy reference by file (symbol)

/home/eix/Desktop/devkitARM/bin/../lib/gcc/arm-none-eabi/7.1.0/thumb/libgcc.a(_udivsi3.o)
                              build/fatfs/ff.o (__aeabi_uidiv)
/home/eix/Desktop/devkitARM/bin/../lib/gcc/arm-none-eabi/7.1.0/thumb/libgcc.a(_divsi3.o)
                              build/common/ui.o (__aeabi_idiv)
/home/eix/Desktop/devkitARM/bin/../lib/gcc/arm-none-eabi/7.1.0/thumb/libgcc.a(_dvmd_tls.o)
                              /home/eix/Desktop/devkitARM/bin/../lib/gcc/arm-none-eabi/7.1.0/thumb/libgcc.a(_udivsi3.o) (__aeabi_idiv0)
/home/eix/Desktop/devkitARM/bin/../lib/gcc/arm-none-eabi/7.1.0/thumb/libgcc.a(_lshrdi3.o)
                              build/crypto/keydb.o (__aeabi_llsr)
/home/eix/Desktop/devkitARM/bin/../lib/gcc/arm-none-eabi/7.1.0/thumb/libgcc.a(_aeabi_ldivmod.o)
                              build/common/ui.o (__aeabi_ldivmod)
/home/eix/Desktop/devkitARM/bin/../lib/gcc/arm-none-eabi/7.1.0/thumb/libgcc.a(_aeabi_uldivmod.o)
                              build/common/ui.o (__aeabi_uldivmod)
/home/eix/Desktop/devkitARM/bin/../lib/gcc/arm-none-eabi/7.1.0/thumb/libgcc.a(_muldi3.o)
                              build/common/ui.o (__aeabi_lmul)
/home/eix/Desktop/devkitARM/bin/../lib/gcc/arm-none-eabi/7.1.0/thumb/libgcc.a(_udivmoddi4.o)
                              /home/eix/Desktop/devkitARM/bin/../lib/gcc/arm-none-eabi/7.1.0/thumb/libgcc.a(_aeabi_ldivmod.o) (__udivmoddi4)
/home/eix/Desktop/devkitARM/bin/../lib/gcc/arm-none-eabi/7.1.0/thumb/libgcc.a(_clzdi2.o)
                              /home/eix/Desktop/devkitARM/bin/../lib/gcc/arm-none-eabi/7.1.0/thumb/libgcc.a(_udivmoddi4.o) (__clzdi2)
/home/eix/Desktop/devkitARM/bin/../lib/gcc/arm-none-eabi/7.1.0/thumb/libgcc.a(_clzsi2.o)
                              /home/eix/Desktop/devkitARM/bin/../lib/gcc/arm-none-eabi/7.1.0/thumb/libgcc.a(_clzdi2.o) (__clzsi2)
/home/eix/Desktop/devkitARM/bin/../lib/gcc/arm-none-eabi/7.1.0/../../../../arm-none-eabi/lib/thumb/libc.a(lib_a-locale.o)
                              build/filesys/vff.o (__locale_ctype_ptr)
/home/eix/Desktop/devkitARM/bin/../lib/gcc/arm-none-eabi/7.1.0/../../../../arm-none-eabi/lib/thumb/libc.a(lib_a-mbtowc_r.o)
                              /home/eix/Desktop/devkitARM/bin/../lib/gcc/arm-none-eabi/7.1.0/../../../../arm-none-eabi/lib/thumb/libc.a(lib_a-locale.o) (__ascii_mbtowc)
/home/eix/Desktop/devkitARM/bin/../lib/gcc/arm-none-eabi/7.1.0/../../../../arm-none-eabi/lib/thumb/libc.a(lib_a-memchr-stub.o)
                              build/utils/sysinfo.o (memchr)
/home/eix/Desktop/devkitARM/bin/../lib/gcc/arm-none-eabi/7.1.0/../../../../arm-none-eabi/lib/thumb/libc.a(lib_a-memcmp.o)
                              build/crypto/keydb.o (memcmp)
/home/eix/Desktop/devkitARM/bin/../lib/gcc/arm-none-eabi/7.1.0/../../../../arm-none-eabi/lib/thumb/libc.a(lib_a-memcpy-stub.o)
                              build/fatfs/ramdrive.o (memcpy)
/home/eix/Desktop/devkitARM/bin/../lib/gcc/arm-none-eabi/7.1.0/../../../../arm-none-eabi/lib/thumb/libc.a(lib_a-memmove.o)
                              build/common/ui.o (memmove)
/home/eix/Desktop/devkitARM/bin/../lib/gcc/arm-none-eabi/7.1.0/../../../../arm-none-eabi/lib/thumb/libc.a(lib_a-memset.o)
                              build/crypto/keydb.o (memset)
/home/eix/Desktop/devkitARM/bin/../lib/gcc/arm-none-eabi/7.1.0/../../../../arm-none-eabi/lib/thumb/libc.a(lib_a-rand.o)
                              build/gamecart/secure_ntr.o (rand)
/home/eix/Desktop/devkitARM/bin/../lib/gcc/arm-none-eabi/7.1.0/../../../../arm-none-eabi/lib/thumb/libc.a(lib_a-snprintf.o)
                              build/crypto/keydb.o (snprintf)
/home/eix/Desktop/devkitARM/bin/../lib/gcc/arm-none-eabi/7.1.0/../../../../arm-none-eabi/lib/thumb/libc.a(lib_a-sprintf.o)
                              build/system/xrq.o (sprintf)
/home/eix/Desktop/devkitARM/bin/../lib/gcc/arm-none-eabi/7.1.0/../../../../arm-none-eabi/lib/thumb/libc.a(lib_a-sscanf.o)
                              build/common/ui.o (sscanf)
/home/eix/Desktop/devkitARM/bin/../lib/gcc/arm-none-eabi/7.1.0/../../../../arm-none-eabi/lib/thumb/libc.a(lib_a-stdio.o)
                              /home/eix/Desktop/devkitARM/bin/../lib/gcc/arm-none-eabi/7.1.0/../../../../arm-none-eabi/lib/thumb/libc.a(lib_a-sscanf.o) (__seofread)
/home/eix/Desktop/devkitARM/bin/../lib/gcc/arm-none-eabi/7.1.0/../../../../arm-none-eabi/lib/thumb/libc.a(lib_a-strcasecmp.o)
                              /home/eix/Desktop/devkitARM/bin/../lib/gcc/arm-none-eabi/7.1.0/../../../../arm-none-eabi/lib/thumb/libc.a(lib_a-locale.o) (strcasecmp)
/home/eix/Desktop/devkitARM/bin/../lib/gcc/arm-none-eabi/7.1.0/../../../../arm-none-eabi/lib/thumb/libc.a(lib_a-strcat.o)
                              /home/eix/Desktop/devkitARM/bin/../lib/gcc/arm-none-eabi/7.1.0/../../../../arm-none-eabi/lib/thumb/libc.a(lib_a-locale.o) (strcat)
[...]
Memory Configuration

Name             Origin             Length             Attributes
*default*        0x0000000000000000 0xffffffffffffffff

Linker script and memory map

LOAD build/fatfs/ffsystem.o
LOAD build/fatfs/ff.o
LOAD build/fatfs/ffunicode.o
LOAD build/fatfs/diskio.o
LOAD build/fatfs/ramdrive.o
LOAD build/crypto/keydb.o
LOAD build/crypto/sha.o
LOAD build/crypto/aes.o
LOAD build/common/hid.o
LOAD build/common/ui.o
LOAD build/common/power.o
LOAD build/common/rtc.o
LOAD build/common/timer.o
LOAD build/system/bootfirm.o
LOAD build/system/xrq_handler.o
LOAD build/system/pcx.o
LOAD build/system/tar.o
LOAD build/system/cache.o
LOAD build/system/xrq.o
LOAD build/system/i2c.o
LOAD build/filesys/support.o
LOAD build/filesys/fsgame.o
LOAD build/filesys/fatmbr.o
LOAD build/filesys/fsdir.o
LOAD build/filesys/vff.o
LOAD build/filesys/fsdrive.o
LOAD build/filesys/fsutil.o
LOAD build/filesys/filetype.o
LOAD build/filesys/fsinit.o
LOAD build/filesys/image.o
LOAD build/filesys/fsperm.o
LOAD build/filesys/sddata.o
LOAD build/game/firm.o
LOAD build/game/ncchinfo.o
LOAD build/game/boss.o
LOAD build/game/ncch.o
LOAD build/game/nds.o
LOAD build/game/ticket.o
LOAD build/game/tmd.o
LOAD build/game/exefs.o
LOAD build/game/gba.o
LOAD build/game/codelzss.o
LOAD build/game/romfs.o
LOAD build/game/cia.o
LOAD build/game/smdh.o
LOAD build/game/tad.o
LOAD build/game/region.o
LOAD build/game/ncsd.o
LOAD build/godmode.o
LOAD build/main.o
LOAD build/utils/keydbutil.o
LOAD build/utils/scripting.o
LOAD build/utils/nandutil.o
LOAD build/utils/gameutil.o
LOAD build/utils/ctrtransfer.o
LOAD build/utils/sysinfo.o
LOAD build/utils/nandcmac.o
LOAD build/nand/sdmmc.o
LOAD build/nand/delay.o
LOAD build/nand/nand.o
LOAD build/start.o
LOAD build/virtual/vmem.o
LOAD build/virtual/vcart.o
LOAD build/virtual/vnand.o
LOAD build/virtual/vkeydb.o
LOAD build/virtual/vgame.o
LOAD build/virtual/vtickdb.o
LOAD build/virtual/vvram.o
LOAD build/virtual/virtual.o
LOAD build/qrcodegen/qrcodegen.o
LOAD build/gamecart/secure_ntr.o
LOAD build/gamecart/protocol.o
LOAD build/gamecart/protocol_ctr.o
LOAD build/gamecart/card_ntr.o
LOAD build/gamecart/card_eeprom.o
LOAD build/gamecart/command_ak2i.o
LOAD build/gamecart/gamecart.o
LOAD build/gamecart/command_ntr.o
LOAD build/gamecart/iodelay.o
LOAD build/gamecart/protocol_ntr.o
LOAD build/gamecart/command_ctr.o
START GROUP
LOAD /home/eix/Desktop/devkitARM/bin/../lib/gcc/arm-none-eabi/7.1.0/thumb/libgcc.a
LOAD /home/eix/Desktop/devkitARM/bin/../lib/gcc/arm-none-eabi/7.1.0/../../../../arm-none-eabi/lib/thumb/libc.a
LOAD /home/eix/Desktop/devkitARM/bin/../lib/gcc/arm-none-eabi/7.1.0/../../../../arm-none-eabi/lib/thumb/libsysbase.a
END GROUP
                0x0000000008006000                . = 0x8006000
                0x0000000008006000                __start__ = ABSOLUTE (.)

.text.start     0x0000000008006000      0x1e4
 *(.text.start)
 .text.start    0x0000000008006000      0x1e4 build/start.o
                0x0000000008006000                _start

.text           0x00000000080061f0    0x3a738
 *(.text*)
 .text          0x00000000080061f0     0x37d8 build/fatfs/ff.o
                0x0000000008007c2c                f_mount
                0x0000000008007c9c                f_open
                0x0000000008007f80                f_read
                0x0000000008008108                f_write
                0x00000000080082dc                f_sync
                0x0000000008008390                f_close
                0x00000000080083ec                f_lseek
                0x0000000008008568                f_opendir
                0x0000000008008618                f_closedir
                0x0000000008008670                f_readdir
                0x00000000080086cc                f_stat
                0x0000000008008724                f_getfree
                0x0000000008008828                f_truncate
                0x00000000080088ec                f_unlink
                0x00000000080089b8                f_mkdir
                0x0000000008008b68                f_rename
                0x0000000008008cec                f_chmod
                0x0000000008008d58                f_utime
                0x0000000008008dc8                f_getlabel
                0x0000000008008ea0                f_setlabel
                0x0000000008008fec                f_mkfs
                0x0000000008009844                f_fdisk
 .text          0x00000000080099c8      0x124 build/fatfs/ffunicode.o
                0x00000000080099c8                ff_uni2oem
                0x0000000008009a04                ff_oem2uni
                0x0000000008009a30                ff_wtoupper
 .text          0x0000000008009aec      0x448 build/fatfs/diskio.o
                0x0000000008009aec                get_fattime
                0x0000000008009bec                disk_status
                0x0000000008009bf0                disk_initialize
                0x0000000008009d70                disk_read
                0x0000000008009e14                disk_write
                0x0000000008009eb8                disk_ioctl
 .text          0x0000000008009f34       0xd4 build/fatfs/ramdrive.o
                0x0000000008009f34                ReadRamDriveSectors
                0x0000000008009f70                WriteRamDriveSectors
                0x0000000008009fb0                GetRamDriveSize
                0x0000000008009fbc                InitRamDrive
 .text          0x000000000800a008      0x688 build/crypto/keydb.o
                0x000000000800a008                GetUnitKeysType
                0x000000000800a0d4                CryptAesKeyInfo
                0x000000000800a120                CheckKeySlot
                0x000000000800a258                LoadKeyDb
                0x000000000800a2ac                LoadKeyFromFile
                0x000000000800a474                InitKeyDb
                0x000000000800a64c                CheckRecommendedKeyDb
 .text          0x000000000800a690      0x104 build/crypto/sha.o
                0x000000000800a690                sha_init
                0x000000000800a6a8                sha_update
                0x000000000800a708                sha_get
                0x000000000800a750                sha_quick
                0x000000000800a778                sha_cmp
 .text          0x000000000800a794      0x8a4 build/crypto/aes.o
                0x000000000800a85c                setup_aeskeyX
                0x000000000800a8d8                setup_aeskeyY
                0x000000000800a954                setup_aeskey
                0x000000000800a9cc                use_aeskey
                0x000000000800a9f0                set_ctr
                0x000000000800aa2c                add_ctr
                0x000000000800aa8c                subtract_ctr
                0x000000000800aaf0                aes_decrypt
                0x000000000800ab6c                ecb_decrypt
                0x000000000800ab74                cbc_decrypt
                0x000000000800ac1c                cbc_encrypt
                0x000000000800acc0                ctr_decrypt
                0x000000000800ad54                ctr_decrypt_byte
                0x000000000800ae70                aes_cmac
                0x000000000800afc0                aes_fifos
                0x000000000800afd0                set_aeswrfifo
                0x000000000800afdc                read_aesrdfifo
                0x000000000800afe8                aes_getwritecount
                0x000000000800aff8                aes_getreadcount
                0x000000000800b008                aescnt_checkwrite
                0x000000000800b020                aescnt_checkread
 .text          0x000000000800b038      0x1cc build/common/hid.o
                0x000000000800b038                InputWait
                0x000000000800b1d8                CheckButton
 .text          0x000000000800b204     0x1a88 build/common/ui.o
                0x000000000800b204                ClearScreen
                0x000000000800b264                ClearScreenF
                0x000000000800b290                DrawRectangle
                0x000000000800b30c                DrawBitmap
                0x000000000800b3b8                DrawQrCode
                0x000000000800b530                DrawCharacter
                0x000000000800b604                DrawString
                0x000000000800b688                DrawStringF
                0x000000000800b6fc                GetDrawStringHeight
                0x000000000800b71c                GetDrawStringWidth
                0x000000000800b778                WordWrapString
                0x000000000800b7d0                TruncateString
                0x000000000800b838                ResizeString
                0x000000000800b898                FormatNumber
                0x000000000800b964                FormatBytes
                0x000000000800ba64                ShowString
                0x000000000800bafc                ShowIconString
                0x000000000800bbd8                ShowPrompt
                0x000000000800bcd0                ShowUnlockSequence
                0x000000000800bef4                ShowSelectPrompt
                0x000000000800c0b8                ShowInputPrompt
                0x000000000800c4a0                ShowStringPrompt
                0x000000000800c4c4                ShowHexPrompt
                0x000000000800c540                ShowNumberPrompt
                0x000000000800c5bc                ShowDataPrompt
                0x000000000800c688                ShowRtcSetterPrompt
                0x000000000800c908                ShowProgress
 .text          0x000000000800cc8c      0x110 build/common/power.o
                0x000000000800cc8c                CheckBrightness
                0x000000000800cd10                GetBatteryPercent
                0x000000000800cd30                IsCharging
                0x000000000800cd54                Reboot
                0x000000000800cd78                PowerOff
 .text          0x000000000800cd9c      0x170 build/common/rtc.o
                0x000000000800cd9c                is_valid_dstime
                0x000000000800cec0                get_dstime
                0x000000000800ced0                set_dstime
 .text          0x000000000800cf0c      0x1f4 build/common/timer.o
                0x000000000800cf0c                timer_start
                0x000000000800cfb8                timer_ticks
                0x000000000800cff4                timer_msec
                0x000000000800d03c                timer_sec
                0x000000000800d084                wait_msec
 .text          0x000000000800d100      0x184 build/system/bootfirm.o
                0x000000000800d1c0                BootFirm
 .text.xrqh     0x000000000800d284      0x180 build/system/xrq_handler.o
                0x000000000800d284                XRQ_Start
                0x000000000800d404                XRQ_End
 .text          0x000000000800d404      0x110 build/system/pcx.o
                0x000000000800d404                PCX_Decompress
 .text          0x000000000800d514      0x374 build/system/tar.o
                0x000000000800d514                ReadAsciiOctal
                0x000000000800d56c                ValidateTarHeader
                0x000000000800d670                GetTarFileInfo
                0x000000000800d6ec                NextTarEntry
                0x000000000800d748                FindTarFileInfo
 *fill*         0x000000000800d888        0x8 
 .text          0x000000000800d890       0x7c build/system/cache.o
                0x000000000800d890                flushEntireDCache
                0x000000000800d8c0                flushDCacheRange
                0x000000000800d8e4                flushEntireICache
                0x000000000800d8f0                flushICacheRange
 .text          0x000000000800d90c      0x418 build/system/xrq.o
                0x000000000800d90c                XRQ_DumpData_u8
                0x000000000800d984                XRQ_DumpData_u16
                0x000000000800d9fc                XRQ_DumpData_u32
                0x000000000800da74                XRQ_DumpRegisters
 .text          0x000000000800dd24      0x1c0 build/system/i2c.o
                0x000000000800dda4                I2C_init
                0x000000000800dde8                I2C_readRegBuf
                0x000000000800de40                I2C_writeRegBuf
                0x000000000800deac                I2C_readReg
                0x000000000800decc                I2C_writeReg
 .text          0x000000000800dee4      0x1d4 build/filesys/support.o
                0x000000000800dee4                CheckSupportFile
                0x000000000800df54                LoadSupportFile
                0x000000000800dffc                GetSupportDir
                0x000000000800e068                CheckSupportDir
                0x000000000800e078                FileSelectorSupport
 .text          0x000000000800e0b8      0x188 build/filesys/fsgame.o
                0x000000000800e0b8                SetDirGoodNames
                0x000000000800e160                GoodRenamer
 .text          0x000000000800e240      0x148 build/filesys/fatmbr.o
                0x000000000800e240                ValidateMbrHeader
                0x000000000800e2cc                ValidateFatHeader
 .text          0x000000000800e388      0x110 build/filesys/fsdir.o
                0x000000000800e388                DirEntryCpy
                0x000000000800e3a0                SortDirStruct
 .text          0x000000000800e498      0x780 build/filesys/vff.o
                0x000000000800e498                fvx_open
                0x000000000800e4ec                fvx_read
                0x000000000800e524                fvx_write
                0x000000000800e55c                fvx_close
                0x000000000800e570                fvx_lseek
                0x000000000800e590                fvx_sync
                0x000000000800e5a4                fvx_stat
                0x000000000800e604                fvx_rename
                0x000000000800e62c                fvx_unlink
                0x000000000800e668                fvx_mkdir
                0x000000000800e680                fvx_opendir
                0x000000000800e6ac                fvx_closedir
                0x000000000800e6c0                fvx_readdir
                0x000000000800e710                fvx_qread
                0x000000000800e79c                fvx_qwrite
                0x000000000800e828                worker_fvx_rmkdir
                0x000000000800e874                fvx_rmkdir
                0x000000000800e88c                fvx_rmkpath
                0x000000000800e8b8                worker_fvx_runlink
                0x000000000800e984                fvx_runlink
                0x000000000800e99c                fvx_match_name
                0x000000000800ea48                fvx_preaddir
                0x000000000800ea88                fvx_findpath
                0x000000000800eb74                fvx_findnopath
 .text          0x000000000800ec18      0x684 build/filesys/fsdrive.o
                0x000000000800ec18                DriveType
                0x000000000800ed68                SetFSSearch
                0x000000000800edac                GetDirContentsWorker
                0x000000000800ef48                GetFreeSpace
                0x000000000800efa0                GetTotalSpace
                0x000000000800efc8                GetRootDirContentsWorker
                0x000000000800f188                SearchDirContents
                0x000000000800f218                GetDirContents
                0x000000000800f288                GetPartitionOffsetSector
 .text          0x000000000800f29c     0x1b9c build/filesys/fsutil.o
                0x000000000800f308                GetSDCardSize
                0x000000000800f328                FormatSDCard
                0x000000000800f4bc                SetupBonusDrive
                0x000000000800f520                FileUnlock
                0x000000000800f538                FileSetData
                0x000000000800f598                FileGetData
                0x000000000800f5b8                FileGetSize
                0x000000000800f5d0                FileGetSha256
                0x000000000800f754                FileFindData
                0x000000000800f9b8                FileInjectFile
                0x000000000800fc78                FileCreateDummy
                0x000000000800fce8                DirCreate
                0x000000000800fd18                DirInfoWorker
                0x000000000800fed0                DirInfo
                0x000000000800ff18                PathExist
                0x000000000800ff28                PathMoveCopyRec
                0x000000000801050c                PathDelete
                0x0000000008010824                PathMoveCopy
                0x0000000008010864                PathCopy
                0x00000000080109ac                PathMove
                0x00000000080109ec                PathRename
                0x0000000008010a40                PathAttr
                0x0000000008010a60                FileSelector
                0x0000000008010d10                CreateScreenshot
 .text          0x0000000008010e38      0x5d4 build/filesys/filetype.o
                0x0000000008010e38                IdentifyFileType
 .text          0x000000000801140c      0x32c build/filesys/fsinit.o
                0x000000000801140c                InitSDCardFS
                0x0000000008011430                InitExtFS
                0x0000000008011504                DismountDriveType
                0x0000000008011580                InitImgFS
                0x0000000008011658                DeinitExtFS
                0x00000000080116bc                DeinitSDCardFS
                0x00000000080116c8                CheckSDMountState
                0x00000000080116e4                GetMountedFSNum
                0x0000000008011718                GetMountedFSObject
 .text          0x0000000008011738      0x24c build/filesys/image.o
                0x0000000008011738                ReadImageBytes
                0x00000000080117a4                WriteImageBytes
                0x0000000008011804                ReadImageSectors
                0x000000000801181c                WriteImageSectors
                0x0000000008011880                SyncImage
                0x00000000080118a0                GetMountSize
                0x00000000080118bc                GetMountState
                0x00000000080118c8                GetMountPath
                0x00000000080118d0                MountImage
 .text          0x0000000008011984      0x564 build/filesys/fsperm.o
                0x0000000008011b20                CheckWritePermissions
                0x0000000008011e64                CheckDirWritePermissions
                0x0000000008011ebc                SetWritePermissions
                0x0000000008011edc                GetWritePermissions
 .text          0x0000000008011ee8      0xa2c build/filesys/sddata.o
                0x0000000008011ee8                alias_num
                0x0000000008011f28                dealias_path
                0x0000000008011f84                fx_find_cryptinfo
                0x0000000008011fe8                fx_decrypt_dsiware
                0x0000000008012230                fx_open
                0x00000000080123c0                fx_read
                0x00000000080124dc                fx_write
                0x000000000801263c                fx_close
                0x00000000080126b0                fa_open
                0x00000000080126cc                fa_opendir
                0x00000000080126e4                fa_mkdir
                0x00000000080126fc                fa_stat
                0x0000000008012718                fa_unlink
                0x0000000008012730                SetupNandSdDrive
                0x0000000008012894                SetupAliasDrive
                0x00000000080128d8                CheckAliasDrive
 .text          0x0000000008012914      0x870 build/game/firm.o
                0x0000000008012914                GetFirmSize
                0x0000000008012a18                ValidateFirmHeader
                0x0000000008012a38                ValidateFirmA9LHeader
                0x0000000008012a84                ValidateFirm
                0x0000000008012c18                FindFirmArm9Section
                0x0000000008012c5c                GetArm9BinarySize
                0x0000000008012c84                SetupSecretKey
                0x0000000008012d30                DecryptA9LHeader
                0x0000000008012d9c                SetupArm9BinaryCrypto
                0x0000000008012e38                DecryptArm9Binary
                0x0000000008012ea4                DecryptFirm
                0x0000000008012f84                DecryptFirmSequential
                0x000000000801308c                DecryptFirmFull
 .text          0x0000000008013184      0x22c build/game/ncchinfo.o
                0x0000000008013184                GetNcchInfoVersion
                0x00000000080131b0                FixNcchInfoEntry
                0x00000000080132b0                BuildNcchInfoXorpad
 .text          0x00000000080133b0      0x230 build/game/boss.o
                0x00000000080133b0                GetBossPayloadHashHeader
                0x00000000080133d0                CryptBoss
                0x0000000008013428                CheckBossHash
                0x0000000008013488                ValidateBossHeader
                0x000000000801354c                CheckBossEncrypted
                0x0000000008013558                CryptBossSequential
 .text          0x00000000080135e0      0xac8 build/game/ncch.o
                0x00000000080135e0                ValidateNcchHeader
                0x0000000008013670                GetNcchCtr
                0x00000000080136e0                GetNcchSeed
                0x000000000801399c                AddSeedToDb
                0x0000000008013aa8                SetNcchKey
                0x0000000008013bec                SetupNcchCrypto
                0x0000000008013c58                CryptNcchSection
                0x0000000008013d30                CryptNcch
                0x0000000008013f2c                CryptNcchSequential
                0x0000000008014020                SetNcchSdFlag
 .text          0x00000000080140a8      0x474 build/game/nds.o
                0x00000000080140a8                crc16_quick
                0x0000000008014108                ValidateTwlHeader
                0x0000000008014144                LoadTwlMetaData
                0x000000000801422c                GetTwlTitle
                0x0000000008014260                GetTwlIcon
                0x00000000080142f0                FindNitroRomDir
                0x0000000008014450                NextNitroRomEntry
                0x0000000008014494                ReadNitroRomEntry
 .text          0x000000000801451c      0x6e4 build/game/ticket.o
                0x000000000801451c                ValidateTicket
                0x0000000008014598                CryptTitleKey
                0x0000000008014624                GetTitleKey
                0x0000000008014688                TicketFromTickDbChunk
                0x0000000008014750                FindTicket
                0x0000000008014848                FindTitleKey
                0x0000000008014930                AddTitleKeyToInfo
                0x00000000080149f8                AddTicketToInfo
                0x0000000008014a60                BuildFakeTicket
                0x0000000008014b18                BuildTicketCert
 .text          0x0000000008014c00      0x304 build/game/tmd.o
                0x0000000008014c00                ValidateTmd
                0x0000000008014c6c                GetTmdCtr
                0x0000000008014c88                FixTmdHashes
                0x0000000008014d34                BuildFakeTmd
                0x0000000008014e1c                BuildTmdCert
 .text          0x0000000008014f04       0xb4 build/game/exefs.o
                0x0000000008014f04                ValidateExeFsHeader
 .text          0x0000000008014fb8      0x1c4 build/game/gba.o
                0x0000000008014fb8                ValidateAgbSaveHeader
                0x00000000080150fc                ValidateAgbHeader
 .text          0x000000000801517c      0x144 build/game/codelzss.o
                0x000000000801517c                DecompressCodeLzss
 .text          0x00000000080152c0      0x4dc build/game/romfs.o
                0x00000000080152c0                ValidateLv3Header
                0x00000000080153d4                BuildLv3Index
                0x0000000008015520                HashLv3Path
                0x0000000008015544                GetLv3DirMeta
                0x0000000008015670                GetLv3FileMeta
 .text          0x000000000801579c      0x698 build/game/cia.o
                0x000000000801579c                ValidateCiaHeader
                0x0000000008015850                GetCiaInfo
                0x0000000008015abc                FixCiaHeaderForTmd
                0x0000000008015c08                BuildCiaCert
                0x0000000008015d0c                BuildCiaMeta
                0x0000000008015d5c                BuildCiaHeader
                0x0000000008015db4                DecryptCiaContentSequential
                0x0000000008015df4                EncryptCiaContentSequential
 .text          0x0000000008015e34      0x184 build/game/smdh.o
                0x0000000008015e34                ConvertSmdhIcon
                0x0000000008015ed4                GetSmdhDescShort
                0x0000000008015f10                GetSmdhDescLong
                0x0000000008015f50                GetSmdhPublisher
                0x0000000008015f90                GetSmdhIconSmall
                0x0000000008015fa4                GetSmdhIconBig
 .text          0x0000000008015fb8       0xd4 build/game/tad.o
                0x0000000008015fb8                BuildTadContentTable
 .text          0x000000000801608c      0x1f4 build/game/ncsd.o
                0x000000000801608c                ValidateNcsdHeader
                0x000000000801619c                GetNcsdTrimmedSize
                0x00000000080161ec                CryptNcsdSequential
 .text          0x0000000008016280     0x66cc build/godmode.o
                0x0000000008016280                SplashInit
                0x0000000008016414                GetTimeString
                0x0000000008016490                CheckBattery
                0x00000000080166cc                GenerateBatteryBitmap
                0x00000000080166e8                DrawTopBar
                0x000000000801679c                DrawUserInterface
                0x0000000008016cb4                DrawDirContents
                0x0000000008016f04                SdFormatMenu
                0x000000000801717c                FileHexViewer
                0x0000000008017b48                Sha256Calculator
                0x0000000008017e84                CmacCalculator
                0x000000000801802c                StandardCopy
                0x00000000080181a4                BootFirmHandler
                0x0000000008018380                FileAttrMenu
                0x00000000080185e0                FileHandlerMenu
                0x000000000801a884                HomeMoreMenu
                0x000000000801af18                GodMode
 .text.startup  0x000000000801c94c       0x88 build/main.o
                0x000000000801c94c                main
 .text          0x000000000801c9d4      0x3bc build/utils/keydbutil.o
                0x000000000801c9d4                CryptAesKeyDb
                0x000000000801caa0                AddKeyToDb
                0x000000000801cb30                BuildKeyDb
 .text          0x000000000801cd90     0x2bec build/utils/scripting.o
                0x000000000801d11c                set_preview
                0x000000000801d2c8                set_var
                0x000000000801d37c                upd_var
                0x000000000801d5e0                get_var
                0x000000000801d688                init_vars
                0x000000000801d7a4                expand_arg
                0x000000000801d858                get_cmd_id
                0x000000000801d908                get_flag
                0x000000000801da18                get_string
                0x000000000801db10                parse_line
                0x000000000801dbf4                run_cmd
                0x000000000801e754                run_line
                0x000000000801e7e8                ValidateText
                0x000000000801e7fc                MemTextView
                0x000000000801eba4                MemTextViewer
                0x000000000801f290                MemToCViewer
                0x000000000801f59c                FileTextViewer
                0x000000000801f5e4                ExecuteGM9Script
 .text          0x000000000801f97c     0x13e8 build/utils/nandutil.o
                0x000000000801f97c                ReadNandFile
                0x000000000801f9d8                BuildEssentialBackup
                0x000000000801fbdc                CheckEmbeddedBackup
                0x000000000801fc24                EmbedEssentialBackup
                0x000000000801fc7c                DumpGbaVcSavegame
                0x000000000801fd5c                InjectGbaVcSavegame
                0x000000000801ff94                RebuildNandNcsdHeader
                0x00000000080201d8                FixNandHeader
                0x0000000008020240                ValidateNandDump
                0x000000000802054c                SafeRestoreNandDump
                0x00000000080208e4                SafeInstallFirm
                0x0000000008020c7c                SafeInstallKeyDb
 .text          0x0000000008020d64     0x5170 build/utils/gameutil.o
                0x0000000008020f50                GetNcchHeaders
                0x0000000008021034                CheckNcchHash
                0x00000000080210d0                LoadNcchHeaders
                0x0000000008021124                LoadNcsdHeader
                0x0000000008021180                LoadCiaStub
                0x000000000802120c                LoadExeFsFile
                0x0000000008021328                LoadNcchMeta
                0x0000000008021394                LoadTmdFile
                0x0000000008021428                LoadCdnTicketFile
                0x0000000008021498                GetTmdContentPath
                0x000000000802153c                WriteCiaStub
                0x00000000080215a4                VerifyTmdContent
                0x0000000008021750                VerifyNcchFile
                0x0000000008021a08                VerifyNcsdFile
                0x0000000008021a98                VerifyCiaFile
                0x0000000008021c9c                VerifyTmdFile
                0x0000000008021e68                VerifyFirmFile
                0x0000000008021fbc                VerifyBossFile
                0x000000000802218c                VerifyGameFile
                0x00000000080221e8                CheckEncryptedNcchFile
                0x0000000008022224                CheckEncryptedNcsdFile
                0x000000000802225c                CheckEncryptedCiaFile
                0x00000000080223a4                CheckEncryptedFirmFile
                0x000000000802245c                CheckEncryptedBossFile
                0x0000000008022494                CheckEncryptedGameFile
                0x00000000080224e8                CryptNcchNcsdBossFirmFile
                0x0000000008022a14                CryptCiaFile
                0x0000000008022c04                DecryptFirmFile
                0x0000000008022c30                CryptCdnFile
                0x0000000008022e4c                InsertCiaContent
                0x0000000008023220                InsertCiaMeta
                0x0000000008023678                BuildCiaFromTmdFile
                0x0000000008023cb4                BuildCiaFromNcchFile
                0x0000000008023ce0                BuildCiaFromNcsdFile
                0x0000000008023d0c                ExtractCodeFromCxiFile
                0x0000000008023e94                LoadSmdhFromGameFile
                0x0000000008023fcc                ShowSmdhTitleInfo
                0x0000000008024060                ShowTwlIconTitleInfo
                0x00000000080240bc                ShowGbaFileTitleInfo
                0x0000000008024168                ShowGameFileTitleInfo
                0x00000000080241e4                BuildNcchInfoXorpads
                0x000000000802440c                GetHealthAndSafetyPaths
                0x00000000080245ac                CheckHealthAndSafetyInject
                0x00000000080245e0                InjectHealthAndSafety
                0x00000000080247e0                GetARGamesPaths
                0x0000000008024954                CheckARGamesInject
                0x0000000008024988                InjectARGames
                0x0000000008024b88                GetHMPaths
                0x0000000008024cfc                CheckHMInject
                0x0000000008024d30                InjectHM
                0x0000000008024f30                BuildTitleKeyInfo
                0x0000000008025220                BuildSeedInfo
                0x000000000802550c                LoadNcchFromGameFile
                0x0000000008025648                GetGoodName
                0x0000000008025b98                CryptGameFile
                0x0000000008025cec                BuildCiaFromGameFile
                0x0000000008025e34                DumpCxiSrlFromTmdFile
 .text          0x0000000008025ed4      0x254 build/utils/ctrtransfer.o
                0x0000000008025ed4                CheckTransferableMbr
                0x0000000008025f04                TransferCtrNandImage
 .text          0x0000000008026128      0xab4 build/utils/sysinfo.o
                0x0000000008026128                SysInfoLineParser_InspectLog
                0x00000000080261b4                GetSysInfo_Hardware
                0x0000000008026224                GetSysInfo_OTP
                0x000000000802629c                GetSysInfo_SecureInfo
                0x0000000008026560                GetSysInfo_Movable
                0x0000000008026614                GetSysInfo_SDMMC
                0x0000000008026780                SysInfo_ParseText
                0x0000000008026888                SysInfo_IsOnlyDigits
                0x00000000080268b4                SysInfoLineParser_ProductLog
                0x00000000080269f4                SysInfo_CommaSplit
                0x0000000008026a10                GetSysInfo_TWLN
                0x0000000008026aa0                MeowSprintf
                0x0000000008026ad0                MyriaSysinfo
 .text          0x0000000008026bdc      0x870 build/utils/nandcmac.o
                0x0000000008026bdc                SetupSlot0x30
                0x0000000008026c40                CheckCmacHeader
                0x0000000008026c84                FixAgbSaveCmac
                0x0000000008026d74                CalculateFileCmac
                0x000000000802723c                CheckCmacPath
                0x000000000802724c                ReadWriteFileCmac
                0x00000000080272b8                CheckFileCmac
                0x0000000008027318                FixFileCmac
                0x0000000008027340                RecursiveFixFileCmacWorker
                0x0000000008027424                RecursiveFixFileCmac
 .text          0x000000000802744c      0x950 build/nand/sdmmc.o
                0x00000000080277c0                getMMCDevice
                0x00000000080277d4                sdmmc_sdcard_writesectors
                0x0000000008027848                sdmmc_sdcard_readsectors
                0x00000000080278bc                sdmmc_nand_readsectors
                0x0000000008027928                sdmmc_nand_writesectors
                0x0000000008027994                sdmmc_get_cid
                0x00000000080279e8                sdmmc_sdcard_init
 *fill*         0x0000000008027d9c        0x4 
 .text          0x0000000008027da0       0x20 build/nand/delay.o
                0x0000000008027da0                waitcycles
 .text          0x0000000008027dc0     0x1208 build/nand/nand.o
                0x0000000008027dc0                GetOtp0x90
                0x0000000008027e44                CryptNand
                0x0000000008027eb0                CryptSector0x96
                0x0000000008028010                CheckSector0x96Crypto
                0x000000000802806c                ReadNandBytes
                0x00000000080281cc                CheckGenuineNandNcsd
                0x0000000008028264                ReadNandSectors
                0x0000000008028280                WriteNandSectors
                0x00000000080283b8                WriteNandBytes
                0x000000000802851c                ValidateSecretSector
                0x0000000008028544                ValidateNandNcsdHeader
                0x0000000008028680                GetNandNcsdMinSizeSectors
                0x00000000080286e8                GetNandMinSizeSectors
                0x0000000008028738                GetNandSizeSectors
                0x00000000080287b4                GetNandNcsdPartitionInfo
                0x00000000080289dc                GetNandPartitionInfo
                0x0000000008028b70                InitNandCrypto
                0x0000000008028e20                CheckSlot0x05Crypto
                0x0000000008028e5c                CheckMultiEmuNand
                0x0000000008028eac                AutoEmuNandBase
                0x0000000008028fb0                GetEmuNandBase
                0x0000000008028fbc                SetEmuNandBase
 .text          0x0000000008028fc8      0x3a8 build/virtual/vmem.o
                0x0000000008028fc8                ReadVMemOTPDecrypted
                0x00000000080290c4                ReadVMemMCURegisters
                0x00000000080290e4                ReadVMemFlashCID
                0x0000000008029128                ReadVMemDir
                0x0000000008029220                ReadVMemFile
                0x0000000008029318                WriteVMemFile
 .text          0x0000000008029370      0x3cc build/virtual/vcart.o
                0x0000000008029370                InitVCartDrive
                0x00000000080293b8                ReadVCartDir
                0x00000000080296c4                ReadVCartFile
                0x0000000008029720                GetVCartDriveSize
 .text          0x000000000802973c      0x6e8 build/virtual/vnand.o
                0x000000000802973c                CheckVNandDrive
                0x0000000008029748                ReadVNandDir
                0x0000000008029d18                ReadVNandFile
                0x0000000008029d98                WriteVNandFile
                0x0000000008029e18                GetVNandDriveSize
 .text          0x0000000008029e24      0x280 build/virtual/vkeydb.o
                0x0000000008029e24                InitVKeyDbDrive
                0x0000000008029eb8                CheckVKeyDbDrive
                0x0000000008029edc                ReadVKeyDbDir
                0x000000000802a050                ReadVKeyDbFile
                0x000000000802a08c                GetVKeyDbDriveSize
 .text          0x000000000802a0a4     0x2f94 build/virtual/vgame.o
                0x000000000802a10c                ReadCbcImageBlocks
                0x000000000802a1b4                ReadCbcImageBytes
                0x000000000802a310                ReadCiaContentImageBytes
                0x000000000802a390                ReadGameImageBytes
                0x000000000802a430                ReadNcchImageBytes
                0x000000000802a4a4                BuildVGameExeFsDir
                0x000000000802a56c                BuildVGameNcchDir
                0x000000000802a87c                BuildVGameNcsdDir
                0x000000000802aa50                BuildVGameCiaDir
                0x000000000802afa0                BuildVGameNdsDir
                0x000000000802b2fc                BuildVGameFirmDir
                0x000000000802b748                BuildVGameTadDir
                0x000000000802b90c                InitVGameDrive
                0x000000000802b9cc                CheckVGameDrive
                0x000000000802b9f8                OpenVGameDir
                0x000000000802c3ac                ReadVGameDirLv3
                0x000000000802c7e4                ReadVGameDirNitro
                0x000000000802ca88                ReadVGameDir
                0x000000000802cb9c                ReadVGameFile
                0x000000000802cc98                FindVirtualFileInLv3Dir
                0x000000000802ce94                GetVGameLv3Filename
                0x000000000802cf58                GetVGameNitroFilename
                0x000000000802cf70                GetVGameFilename
                0x000000000802cfac                MatchVGameFilename
                0x000000000802d020                GetVGameDriveSize
 .text          0x000000000802d038      0x53c build/virtual/vtickdb.o
                0x000000000802d038                AddTickDbInfo
                0x000000000802d1ac                InitVTickDbDrive
                0x000000000802d26c                CheckVTickDbDrive
                0x000000000802d290                ReadVTickDbDir
                0x000000000802d500                ReadVTickDbFile
                0x000000000802d55c                GetVTickDbDriveSize
 .text          0x000000000802d574      0x398 build/virtual/vvram.o
                0x000000000802d574                SplitTarFName
                0x000000000802d5d0                CheckVVramDrive
                0x000000000802d5e8                ReadVVramDir
                0x000000000802d814                ReadVVramFile
                0x000000000802d85c                GetVVramFilename
                0x000000000802d8b0                MatchVVramFilename
                0x000000000802d904                GetVVramDriveSize
 .text          0x000000000802d90c      0x7fc build/virtual/virtual.o
                0x000000000802d90c                GetVirtualSource
                0x000000000802d970                InitVirtualImageDrive
                0x000000000802d990                CheckVirtualDrive
                0x000000000802d9e0                ReadVirtualDir
                0x000000000802da78                OpenVirtualRoot
                0x000000000802daf4                OpenVirtualDir
                0x000000000802dc18                GetVirtualFile
                0x000000000802dd6c                GetVirtualDir
                0x000000000802dd88                GetVirtualFilename
                0x000000000802ddc4                ReadVirtualFile
                0x000000000802dee0                WriteVirtualFile
                0x000000000802dfa4                DeleteVirtualFile
                0x000000000802e0a4                GetVirtualDriveSize
 .text          0x000000000802e108     0x1b50 build/qrcodegen/qrcodegen.o
                0x000000000802e93c                qrcodegen_getSize
                0x000000000802e940                qrcodegen_getModule
                0x000000000802e96c                qrcodegen_isAlphanumeric
                0x000000000802e998                qrcodegen_isNumeric
                0x000000000802e9b4                qrcodegen_calcSegmentBufferSize
                0x000000000802e9c4                qrcodegen_makeBytes
                0x000000000802e9fc                qrcodegen_makeNumeric
                0x000000000802eb20                qrcodegen_makeAlphanumeric
                0x000000000802ec5c                qrcodegen_makeEci
                0x000000000802ed98                qrcodegen_encodeSegmentsAdvanced
                0x000000000802fa74                qrcodegen_encodeText
                0x000000000802fbcc                qrcodegen_encodeBinary
                0x000000000802fc38                qrcodegen_encodeSegments
 .text          0x000000000802fc58      0x6f0 build/gamecart/secure_ntr.o
                0x000000000802fc58                NTR_CryptUp
                0x000000000802fcd0                NTR_CryptDown
                0x000000000802fd4c                NTR_InitKey1
                0x000000000802fdcc                NTR_ApplyKey
                0x000000000802fe5c                NTR_InitKey
                0x000000000802fef4                NTR_CreateEncryptedCommand
                0x000000000802ff4c                NTR_DecryptSecureArea
                0x000000000802ff9c                NTR_SecureDelay
                0x000000000802ffd0                NTR_GetIDSafe
                0x0000000008030004                NTR_CmdSecure
                0x000000000803000c                NTR_Secure_Init
 .text          0x0000000008030348      0x474 build/gamecart/protocol.o
                0x0000000008030394                BSWAP32
                0x00000000080303ac                Cart_IsInserted
                0x00000000080303cc                Cart_GetID
                0x00000000080303d8                Cart_Reset
                0x0000000008030434                Cart_Init
                0x0000000008030520                Cart_Secure_Init
                0x0000000008030784                Cart_Dummy
 .text          0x00000000080307bc      0x1e8 build/gamecart/protocol_ctr.o
                0x00000000080307bc                CTR_SetSecKey
                0x00000000080307e0                CTR_SetSecSeed
                0x0000000008030838                CTR_SendCommand
 .text          0x00000000080309a4      0x288 build/gamecart/card_ntr.o
                0x00000000080309a4                cardWriteCommand
                0x00000000080309cc                cardPolledTransfer
                0x0000000008030a20                cardStartTransfer
                0x0000000008030a80                cardWriteAndRead
                0x0000000008030ac8                cardParamCommand
                0x0000000008030afc                cardReadID
                0x0000000008030b5c                cardReset
                0x0000000008030bcc                cardReadHeader
 .text          0x0000000008030c2c      0x984 build/gamecart/gamecart.o
                0x0000000008030e40                GetCartName
                0x0000000008030f68                InitCardRead
                0x00000000080313e0                ReadCartSectors
                0x00000000080313fc                ReadCartBytes
                0x0000000008031558                ReadCartPrivateHeader
 .text          0x00000000080315b0       0xf0 build/gamecart/command_ntr.o
                0x00000000080315b0                NTR_CmdReset
                0x00000000080315c0                NTR_CmdGetCartId
                0x00000000080315cc                NTR_CmdEnter16ByteMode
                0x00000000080315e0                NTR_CmdReadHeader
                0x000000000803167c                NTR_CmdReadData
 .text          0x00000000080316a0       0x20 build/gamecart/iodelay.o
                0x00000000080316a0                ioDelay
                0x00000000080316b4                ioDelay2
 .text          0x00000000080316c0      0x194 build/gamecart/protocol_ntr.o
                0x00000000080316c0                NTR_SendCommand
 .text          0x0000000008031854      0x118 build/gamecart/command_ctr.o
                0x0000000008031854                CTR_CmdReadData
                0x00000000080318cc                CTR_CmdReadHeader
                0x00000000080318f0                CTR_CmdReadUniqueID
                0x0000000008031914                CTR_CmdGetSecureId
                0x0000000008031944                CTR_CmdSeed
 .text          0x000000000803196c      0x11c /home/eix/Desktop/devkitARM/bin/../lib/gcc/arm-none-eabi/7.1.0/thumb/libgcc.a(_udivsi3.o)
                0x000000000803196c                __udivsi3
                0x000000000803196c                __aeabi_uidiv
                0x0000000008031a68                __aeabi_uidivmod
 .text          0x0000000008031a88      0x150 /home/eix/Desktop/devkitARM/bin/../lib/gcc/arm-none-eabi/7.1.0/thumb/libgcc.a(_divsi3.o)
                0x0000000008031a88                __aeabi_idiv
                0x0000000008031a88                __divsi3
                0x0000000008031bb8                __aeabi_idivmod
 .text          0x0000000008031bd8        0x4 /home/eix/Desktop/devkitARM/bin/../lib/gcc/arm-none-eabi/7.1.0/thumb/libgcc.a(_dvmd_tls.o)
                0x0000000008031bd8                __aeabi_ldiv0
                0x0000000008031bd8                __aeabi_idiv0
 .text          0x0000000008031bdc       0x18 /home/eix/Desktop/devkitARM/bin/../lib/gcc/arm-none-eabi/7.1.0/thumb/libgcc.a(_lshrdi3.o)
                0x0000000008031bdc                __aeabi_llsr
                0x0000000008031bdc                __lshrdi3
 .text          0x0000000008031bf4       0x3c /home/eix/Desktop/devkitARM/bin/../lib/gcc/arm-none-eabi/7.1.0/thumb/libgcc.a(_aeabi_uldivmod.o)
                0x0000000008031bf4                __aeabi_uldivmod
 .text.__muldi3
                0x0000000008031c30       0x60 /home/eix/Desktop/devkitARM/bin/../lib/gcc/arm-none-eabi/7.1.0/thumb/libgcc.a(_muldi3.o)
                0x0000000008031c30                __aeabi_lmul
                0x0000000008031c30                __muldi3
 .text.__udivmoddi4
                0x0000000008031c90      0x188 /home/eix/Desktop/devkitARM/bin/../lib/gcc/arm-none-eabi/7.1.0/thumb/libgcc.a(_udivmoddi4.o)
                0x0000000008031c90                __udivmoddi4
 .text          0x0000000008031e18       0x28 /home/eix/Desktop/devkitARM/bin/../lib/gcc/arm-none-eabi/7.1.0/thumb/libgcc.a(_clzdi2.o)
                0x0000000008031e18                __clzdi2
 .text          0x0000000008031e40       0x48 /home/eix/Desktop/devkitARM/bin/../lib/gcc/arm-none-eabi/7.1.0/thumb/libgcc.a(_clzsi2.o)
                0x0000000008031e40                __clzsi2
 .text.__locale_mb_cur_max
                0x0000000008031e88       0x20 /home/eix/Desktop/devkitARM/bin/../lib/gcc/arm-none-eabi/7.1.0/../../../../arm-none-eabi/lib/thumb/libc.a(lib_a-locale.o)
                0x0000000008031e88                __locale_mb_cur_max
 .text.__locale_ctype_ptr_l
                0x0000000008031ea8        0x8 /home/eix/Desktop/devkitARM/bin/../lib/gcc/arm-none-eabi/7.1.0/../../../../arm-none-eabi/lib/thumb/libc.a(lib_a-locale.o)
                0x0000000008031ea8                __locale_ctype_ptr_l
 .text.__locale_ctype_ptr
                0x0000000008031eb0       0x1c /home/eix/Desktop/devkitARM/bin/../lib/gcc/arm-none-eabi/7.1.0/../../../../arm-none-eabi/lib/thumb/libc.a(lib_a-locale.o)
                0x0000000008031eb0                __locale_ctype_ptr
 .text.__utf8_mbtowc
                0x0000000008031ecc      0x28c /home/eix/Desktop/devkitARM/bin/../lib/gcc/arm-none-eabi/7.1.0/../../../../arm-none-eabi/lib/thumb/libc.a(lib_a-mbtowc_r.o)
                0x0000000008031ecc                __utf8_mbtowc
 .text.memchr   0x0000000008032158       0x84 /home/eix/Desktop/devkitARM/bin/../lib/gcc/arm-none-eabi/7.1.0/../../../../arm-none-eabi/lib/thumb/libc.a(lib_a-memchr-stub.o)
                0x0000000008032158                memchr
 .text.memcmp   0x00000000080321dc       0x50 /home/eix/Desktop/devkitARM/bin/../lib/gcc/arm-none-eabi/7.1.0/../../../../arm-none-eabi/lib/thumb/libc.a(lib_a-memcmp.o)
                0x00000000080321dc                memcmp
 .text.memcpy   0x000000000803222c       0x8c /home/eix/Desktop/devkitARM/bin/../lib/gcc/arm-none-eabi/7.1.0/../../../../arm-none-eabi/lib/thumb/libc.a(lib_a-memcpy-stub.o)
                0x000000000803222c                memcpy
 .text.memmove  0x00000000080322b8       0xa0 /home/eix/Desktop/devkitARM/bin/../lib/gcc/arm-none-eabi/7.1.0/../../../../arm-none-eabi/lib/thumb/libc.a(lib_a-memmove.o)
                0x00000000080322b8                memmove
 .text.memset   0x0000000008032358       0xa4 /home/eix/Desktop/devkitARM/bin/../lib/gcc/arm-none-eabi/7.1.0/../../../../arm-none-eabi/lib/thumb/libc.a(lib_a-memset.o)
                0x0000000008032358                memset
 .text.rand     0x00000000080323fc       0x34 /home/eix/Desktop/devkitARM/bin/../lib/gcc/arm-none-eabi/7.1.0/../../../../arm-none-eabi/lib/thumb/libc.a(lib_a-rand.o)
                0x00000000080323fc                rand
 .text.snprintf
                0x0000000008032430       0x7c /home/eix/Desktop/devkitARM/bin/../lib/gcc/arm-none-eabi/7.1.0/../../../../arm-none-eabi/lib/thumb/libc.a(lib_a-snprintf.o)
                0x0000000008032430                snprintf
 .text.sprintf  0x00000000080324ac       0x40 /home/eix/Desktop/devkitARM/bin/../lib/gcc/arm-none-eabi/7.1.0/../../../../arm-none-eabi/lib/thumb/libc.a(lib_a-sprintf.o)
                0x00000000080324ac                sprintf
 .text.sscanf   0x00000000080324ec       0x4c /home/eix/Desktop/devkitARM/bin/../lib/gcc/arm-none-eabi/7.1.0/../../../../arm-none-eabi/lib/thumb/libc.a(lib_a-sscanf.o)
                0x00000000080324ec                sscanf
 .text.__seofread
                0x0000000008032538        0x4 /home/eix/Desktop/devkitARM/bin/../lib/gcc/arm-none-eabi/7.1.0/../../../../arm-none-eabi/lib/thumb/libc.a(lib_a-stdio.o)
                0x0000000008032538                __seofread
 .text.strchr   0x000000000803253c       0xd8 /home/eix/Desktop/devkitARM/bin/../lib/gcc/arm-none-eabi/7.1.0/../../../../arm-none-eabi/lib/thumb/libc.a(lib_a-strchr.o)
                0x000000000803253c                strchr
 .text          0x0000000008032614      0x224 /home/eix/Desktop/devkitARM/bin/../lib/gcc/arm-none-eabi/7.1.0/../../../../arm-none-eabi/lib/thumb/libc.a(lib_a-strcmp.o)
                0x0000000008032614                strcmp
 .text.strcpy   0x0000000008032838       0x10 /home/eix/Desktop/devkitARM/bin/../lib/gcc/arm-none-eabi/7.1.0/../../../../arm-none-eabi/lib/thumb/libc.a(lib_a-strcpy.o)
                0x0000000008032838                strcpy
 .text.strlen   0x0000000008032848       0x68 /home/eix/Desktop/devkitARM/bin/../lib/gcc/arm-none-eabi/7.1.0/../../../../arm-none-eabi/lib/thumb/libc.a(lib_a-strlen-stub.o)
                0x0000000008032848                strlen
 .text.strncasecmp
                0x00000000080328b0       0x68 /home/eix/Desktop/devkitARM/bin/../lib/gcc/arm-none-eabi/7.1.0/../../../../arm-none-eabi/lib/thumb/libc.a(lib_a-strncasecmp.o)
                0x00000000080328b0                strncasecmp
 .text.strncmp  0x0000000008032918       0x94 /home/eix/Desktop/devkitARM/bin/../lib/gcc/arm-none-eabi/7.1.0/../../../../arm-none-eabi/lib/thumb/libc.a(lib_a-strncmp.o)
                0x0000000008032918                strncmp
 .text.strncpy  0x00000000080329ac       0x90 /home/eix/Desktop/devkitARM/bin/../lib/gcc/arm-none-eabi/7.1.0/../../../../arm-none-eabi/lib/thumb/libc.a(lib_a-strncpy.o)
                0x00000000080329ac                strncpy
 .text.strnlen  0x0000000008032a3c       0x24 /home/eix/Desktop/devkitARM/bin/../lib/gcc/arm-none-eabi/7.1.0/../../../../arm-none-eabi/lib/thumb/libc.a(lib_a-strnlen.o)
                0x0000000008032a3c                strnlen
 .text.strrchr  0x0000000008032a60       0x2c /home/eix/Desktop/devkitARM/bin/../lib/gcc/arm-none-eabi/7.1.0/../../../../arm-none-eabi/lib/thumb/libc.a(lib_a-strrchr.o)
                0x0000000008032a60                strrchr
 .text.strspn   0x0000000008032a8c       0x3c /home/eix/Desktop/devkitARM/bin/../lib/gcc/arm-none-eabi/7.1.0/../../../../arm-none-eabi/lib/thumb/libc.a(lib_a-strspn.o)
                0x0000000008032a8c                strspn
 .text.strtok   0x0000000008032ac8       0x20 /home/eix/Desktop/devkitARM/bin/../lib/gcc/arm-none-eabi/7.1.0/../../../../arm-none-eabi/lib/thumb/libc.a(lib_a-strtok.o)
                0x0000000008032ac8                strtok
 .text.__strtok_r
                0x0000000008032ae8       0x6c /home/eix/Desktop/devkitARM/bin/../lib/gcc/arm-none-eabi/7.1.0/../../../../arm-none-eabi/lib/thumb/libc.a(lib_a-strtok_r.o)
                0x0000000008032ae8                __strtok_r
 .text._strtol_l.isra.0
                0x0000000008032b54      0x140 /home/eix/Desktop/devkitARM/bin/../lib/gcc/arm-none-eabi/7.1.0/../../../../arm-none-eabi/lib/thumb/libc.a(lib_a-strtol.o)
 .text._strtol_r
                0x0000000008032c94       0x34 /home/eix/Desktop/devkitARM/bin/../lib/gcc/arm-none-eabi/7.1.0/../../../../arm-none-eabi/lib/thumb/libc.a(lib_a-strtol.o)
                0x0000000008032c94                _strtol_r
 .text.get_arg  0x0000000008032cc8     0x3b24 /home/eix/Desktop/devkitARM/bin/../lib/gcc/arm-none-eabi/7.1.0/../../../../arm-none-eabi/lib/thumb/libc.a(lib_a-svfprintf.o)
 .text._svfprintf_r
                0x00000000080367ec     0x2c38 /home/eix/Desktop/devkitARM/bin/../lib/gcc/arm-none-eabi/7.1.0/../../../../arm-none-eabi/lib/thumb/libc.a(lib_a-svfprintf.o)
                0x00000000080367ec                _svfprintf_r
 .text.__ssvfscanf_r
                0x0000000008039424     0x1934 /home/eix/Desktop/devkitARM/bin/../lib/gcc/arm-none-eabi/7.1.0/../../../../arm-none-eabi/lib/thumb/libc.a(lib_a-svfscanf.o)
                0x0000000008039424                __ssvfscanf_r
 .text._vsnprintf_r
                0x000000000803ad58       0x78 /home/eix/Desktop/devkitARM/bin/../lib/gcc/arm-none-eabi/7.1.0/../../../../arm-none-eabi/lib/thumb/libc.a(lib_a-vsnprintf.o)
                0x000000000803ad58                _vsnprintf_r
 .text.vsnprintf
                0x000000000803add0       0x24 /home/eix/Desktop/devkitARM/bin/../lib/gcc/arm-none-eabi/7.1.0/../../../../arm-none-eabi/lib/thumb/libc.a(lib_a-vsnprintf.o)
                0x000000000803add0                vsnprintf
 .text._wcrtomb_r
                0x000000000803adf4       0x84 /home/eix/Desktop/devkitARM/bin/../lib/gcc/arm-none-eabi/7.1.0/../../../../arm-none-eabi/lib/thumb/libc.a(lib_a-wcrtomb.o)
                0x000000000803adf4                _wcrtomb_r
 .text._wcsrtombs_r
                0x000000000803ae78       0x1c /home/eix/Desktop/devkitARM/bin/../lib/gcc/arm-none-eabi/7.1.0/../../../../arm-none-eabi/lib/thumb/libc.a(lib_a-wcsrtombs.o)
                0x000000000803ae78                _wcsrtombs_r
 .text.__utf8_wctomb
                0x000000000803ae94       0xbc /home/eix/Desktop/devkitARM/bin/../lib/gcc/arm-none-eabi/7.1.0/../../../../arm-none-eabi/lib/thumb/libc.a(lib_a-wctomb_r.o)
                0x000000000803ae94                __utf8_wctomb
 .text.quorem   0x000000000803af50      0x15c /home/eix/Desktop/devkitARM/bin/../lib/gcc/arm-none-eabi/7.1.0/../../../../arm-none-eabi/lib/thumb/libc.a(lib_a-dtoa.o)
 .text._dtoa_r  0x000000000803b0ac      0xfc8 /home/eix/Desktop/devkitARM/bin/../lib/gcc/arm-none-eabi/7.1.0/../../../../arm-none-eabi/lib/thumb/libc.a(lib_a-dtoa.o)
                0x000000000803b0ac                _dtoa_r
 .text._malloc_trim_r
                0x000000000803c074       0xa4 /home/eix/Desktop/devkitARM/bin/../lib/gcc/arm-none-eabi/7.1.0/../../../../arm-none-eabi/lib/thumb/libc.a(lib_a-freer.o)
                0x000000000803c074                _malloc_trim_r
 .text._free_r  0x000000000803c118      0x1d8 /home/eix/Desktop/devkitARM/bin/../lib/gcc/arm-none-eabi/7.1.0/../../../../arm-none-eabi/lib/thumb/libc.a(lib_a-freer.o)
                0x000000000803c118                _free_r
 .text.iswspace
                0x000000000803c2f0       0x78 /home/eix/Desktop/devkitARM/bin/../lib/gcc/arm-none-eabi/7.1.0/../../../../arm-none-eabi/lib/thumb/libc.a(lib_a-iswspace.o)
                0x000000000803c2f0                iswspace
 .text.__jp2uc  0x000000000803c368      0x1a0 /home/eix/Desktop/devkitARM/bin/../lib/gcc/arm-none-eabi/7.1.0/../../../../arm-none-eabi/lib/thumb/libc.a(lib_a-jp2uc.o)
 .text._jp2uc   0x000000000803c508       0x8c /home/eix/Desktop/devkitARM/bin/../lib/gcc/arm-none-eabi/7.1.0/../../../../arm-none-eabi/lib/thumb/libc.a(lib_a-jp2uc.o)
                0x000000000803c508                _jp2uc
 .text.__localeconv_l
                0x000000000803c594        0x4 /home/eix/Desktop/devkitARM/bin/../lib/gcc/arm-none-eabi/7.1.0/../../../../arm-none-eabi/lib/thumb/libc.a(lib_a-localeconv.o)
                0x000000000803c594                __localeconv_l
 .text._localeconv_r
                0x000000000803c598       0x1c /home/eix/Desktop/devkitARM/bin/../lib/gcc/arm-none-eabi/7.1.0/../../../../arm-none-eabi/lib/thumb/libc.a(lib_a-localeconv.o)
                0x000000000803c598                _localeconv_r
 .text._malloc_r
                0x000000000803c5b4      0x56c /home/eix/Desktop/devkitARM/bin/../lib/gcc/arm-none-eabi/7.1.0/../../../../arm-none-eabi/lib/thumb/libc.a(lib_a-mallocr.o)
                0x000000000803c5b4                _malloc_r
 .text._mbrtowc_r
                0x000000000803cb20       0x94 /home/eix/Desktop/devkitARM/bin/../lib/gcc/arm-none-eabi/7.1.0/../../../../arm-none-eabi/lib/thumb/libc.a(lib_a-mbrtowc.o)
                0x000000000803cb20                _mbrtowc_r
 .text.__malloc_lock
                0x000000000803cbb4       0x14 /home/eix/Desktop/devkitARM/bin/../lib/gcc/arm-none-eabi/7.1.0/../../../../arm-none-eabi/lib/thumb/libc.a(lib_a-mlock.o)
                0x000000000803cbb4                __malloc_lock
 .text.__malloc_unlock
                0x000000000803cbc8       0x14 /home/eix/Desktop/devkitARM/bin/../lib/gcc/arm-none-eabi/7.1.0/../../../../arm-none-eabi/lib/thumb/libc.a(lib_a-mlock.o)
                0x000000000803cbc8                __malloc_unlock
 .text._Balloc  0x000000000803cbdc       0x54 /home/eix/Desktop/devkitARM/bin/../lib/gcc/arm-none-eabi/7.1.0/../../../../arm-none-eabi/lib/thumb/libc.a(lib_a-mprec.o)
                0x000000000803cbdc                _Balloc
 .text._Bfree   0x000000000803cc30       0x14 /home/eix/Desktop/devkitARM/bin/../lib/gcc/arm-none-eabi/7.1.0/../../../../arm-none-eabi/lib/thumb/libc.a(lib_a-mprec.o)
                0x000000000803cc30                _Bfree
 .text.__multadd
                0x000000000803cc44       0x94 /home/eix/Desktop/devkitARM/bin/../lib/gcc/arm-none-eabi/7.1.0/../../../../arm-none-eabi/lib/thumb/libc.a(lib_a-mprec.o)
                0x000000000803cc44                __multadd
 .text.__s2b    0x000000000803ccd8       0x98 /home/eix/Desktop/devkitARM/bin/../lib/gcc/arm-none-eabi/7.1.0/../../../../arm-none-eabi/lib/thumb/libc.a(lib_a-mprec.o)
                0x000000000803ccd8                __s2b
 .text.__hi0bits
                0x000000000803cd70       0x38 /home/eix/Desktop/devkitARM/bin/../lib/gcc/arm-none-eabi/7.1.0/../../../../arm-none-eabi/lib/thumb/libc.a(lib_a-mprec.o)
                0x000000000803cd70                __hi0bits
 .text.__lo0bits
                0x000000000803cda8       0x5c /home/eix/Desktop/devkitARM/bin/../lib/gcc/arm-none-eabi/7.1.0/../../../../arm-none-eabi/lib/thumb/libc.a(lib_a-mprec.o)
                0x000000000803cda8                __lo0bits
 .text.__i2b    0x000000000803ce04       0x18 /home/eix/Desktop/devkitARM/bin/../lib/gcc/arm-none-eabi/7.1.0/../../../../arm-none-eabi/lib/thumb/libc.a(lib_a-mprec.o)
                0x000000000803ce04                __i2b
 .text.__multiply
                0x000000000803ce1c      0x188 /home/eix/Desktop/devkitARM/bin/../lib/gcc/arm-none-eabi/7.1.0/../../../../arm-none-eabi/lib/thumb/libc.a(lib_a-mprec.o)
                0x000000000803ce1c                __multiply
 .text.__pow5mult
                0x000000000803cfa4       0xc4 /home/eix/Desktop/devkitARM/bin/../lib/gcc/arm-none-eabi/7.1.0/../../../../arm-none-eabi/lib/thumb/libc.a(lib_a-mprec.o)
                0x000000000803cfa4                __pow5mult
 .text.__lshift
                0x000000000803d068       0xc4 /home/eix/Desktop/devkitARM/bin/../lib/gcc/arm-none-eabi/7.1.0/../../../../arm-none-eabi/lib/thumb/libc.a(lib_a-mprec.o)
                0x000000000803d068                __lshift
 .text.__mcmp   0x000000000803d12c       0x38 /home/eix/Desktop/devkitARM/bin/../lib/gcc/arm-none-eabi/7.1.0/../../../../arm-none-eabi/lib/thumb/libc.a(lib_a-mprec.o)
                0x000000000803d12c                __mcmp
 .text.__mdiff  0x000000000803d164      0x128 /home/eix/Desktop/devkitARM/bin/../lib/gcc/arm-none-eabi/7.1.0/../../../../arm-none-eabi/lib/thumb/libc.a(lib_a-mprec.o)
                0x000000000803d164                __mdiff
 .text.__ulp    0x000000000803d28c       0x50 /home/eix/Desktop/devkitARM/bin/../lib/gcc/arm-none-eabi/7.1.0/../../../../arm-none-eabi/lib/thumb/libc.a(lib_a-mprec.o)
                0x000000000803d28c                __ulp
 .text.__b2d    0x000000000803d2dc       0xc0 /home/eix/Desktop/devkitARM/bin/../lib/gcc/arm-none-eabi/7.1.0/../../../../arm-none-eabi/lib/thumb/libc.a(lib_a-mprec.o)
                0x000000000803d2dc                __b2d
 .text.__d2b    0x000000000803d39c       0xc0 /home/eix/Desktop/devkitARM/bin/../lib/gcc/arm-none-eabi/7.1.0/../../../../arm-none-eabi/lib/thumb/libc.a(lib_a-mprec.o)
                0x000000000803d39c                __d2b
 .text.__ratio  0x000000000803d45c       0x78 /home/eix/Desktop/devkitARM/bin/../lib/gcc/arm-none-eabi/7.1.0/../../../../arm-none-eabi/lib/thumb/libc.a(lib_a-mprec.o)
                0x000000000803d45c                __ratio
 .text.__copybits
                0x000000000803d4d4       0x44 /home/eix/Desktop/devkitARM/bin/../lib/gcc/arm-none-eabi/7.1.0/../../../../arm-none-eabi/lib/thumb/libc.a(lib_a-mprec.o)
                0x000000000803d4d4                __copybits
 .text.__any_on
                0x000000000803d518       0x5c /home/eix/Desktop/devkitARM/bin/../lib/gcc/arm-none-eabi/7.1.0/../../../../arm-none-eabi/lib/thumb/libc.a(lib_a-mprec.o)
                0x000000000803d518                __any_on
 .text.__sccl   0x000000000803d574       0x7c /home/eix/Desktop/devkitARM/bin/../lib/gcc/arm-none-eabi/7.1.0/../../../../arm-none-eabi/lib/thumb/libc.a(lib_a-sccl.o)
                0x000000000803d574                __sccl
 .text.nanf     0x000000000803d5f0        0x8 /home/eix/Desktop/devkitARM/bin/../lib/gcc/arm-none-eabi/7.1.0/../../../../arm-none-eabi/lib/thumb/libc.a(lib_a-sf_nan.o)
                0x000000000803d5f0                nanf
 .text.frexp    0x000000000803d5f8       0x68 /home/eix/Desktop/devkitARM/bin/../lib/gcc/arm-none-eabi/7.1.0/../../../../arm-none-eabi/lib/thumb/libc.a(lib_a-s_frexp.o)
                0x000000000803d5f8                frexp
 .text.stpncpy  0x000000000803d660       0x98 /home/eix/Desktop/devkitARM/bin/../lib/gcc/arm-none-eabi/7.1.0/../../../../arm-none-eabi/lib/thumb/libc.a(lib_a-stpncpy.o)
                0x000000000803d660                stpncpy
 .text.unlikely.sulp
                0x000000000803d6f8       0x34 /home/eix/Desktop/devkitARM/bin/../lib/gcc/arm-none-eabi/7.1.0/../../../../arm-none-eabi/lib/thumb/libc.a(lib_a-strtod.o)
 .text._strtod_l
                0x000000000803d72c      0xe94 /home/eix/Desktop/devkitARM/bin/../lib/gcc/arm-none-eabi/7.1.0/../../../../arm-none-eabi/lib/thumb/libc.a(lib_a-strtod.o)
                0x000000000803d72c                _strtod_l
 .text._strtod_r
                0x000000000803e5c0       0x28 /home/eix/Desktop/devkitARM/bin/../lib/gcc/arm-none-eabi/7.1.0/../../../../arm-none-eabi/lib/thumb/libc.a(lib_a-strtod.o)
                0x000000000803e5c0                _strtod_r
 .text._strtoll_l.isra.0
                0x000000000803e5e8      0x1bc /home/eix/Desktop/devkitARM/bin/../lib/gcc/arm-none-eabi/7.1.0/../../../../arm-none-eabi/lib/thumb/libc.a(lib_a-strtoll.o)
 .text._strtoll_r
                0x000000000803e7a4       0x34 /home/eix/Desktop/devkitARM/bin/../lib/gcc/arm-none-eabi/7.1.0/../../../../arm-none-eabi/lib/thumb/libc.a(lib_a-strtoll.o)
                0x000000000803e7a4                _strtoll_r
 .text._strtoull_l.isra.0
                0x000000000803e7d8      0x1c8 /home/eix/Desktop/devkitARM/bin/../lib/gcc/arm-none-eabi/7.1.0/../../../../arm-none-eabi/lib/thumb/libc.a(lib_a-strtoull.o)
 .text._strtoull_r
                0x000000000803e9a0       0x34 /home/eix/Desktop/devkitARM/bin/../lib/gcc/arm-none-eabi/7.1.0/../../../../arm-none-eabi/lib/thumb/libc.a(lib_a-strtoull.o)
                0x000000000803e9a0                _strtoull_r
 .text._strtoul_l.isra.0
                0x000000000803e9d4      0x14c /home/eix/Desktop/devkitARM/bin/../lib/gcc/arm-none-eabi/7.1.0/../../../../arm-none-eabi/lib/thumb/libc.a(lib_a-strtoul.o)
 .text._strtoul_r
                0x000000000803eb20       0x34 /home/eix/Desktop/devkitARM/bin/../lib/gcc/arm-none-eabi/7.1.0/../../../../arm-none-eabi/lib/thumb/libc.a(lib_a-strtoul.o)
                0x000000000803eb20                _strtoul_r
 .text.__ssprint_r
                0x000000000803eb54      0x11c /home/eix/Desktop/devkitARM/bin/../lib/gcc/arm-none-eabi/7.1.0/../../../../arm-none-eabi/lib/thumb/libc.a(lib_a-svfiprintf.o)
                0x000000000803eb54                __ssprint_r
 .text._sungetc_r
                0x000000000803ec70       0x88 /home/eix/Desktop/devkitARM/bin/../lib/gcc/arm-none-eabi/7.1.0/../../../../arm-none-eabi/lib/thumb/libc.a(lib_a-svfiscanf.o)
                0x000000000803ec70                _sungetc_r
 .text.__ssrefill_r
                0x000000000803ecf8       0x44 /home/eix/Desktop/devkitARM/bin/../lib/gcc/arm-none-eabi/7.1.0/../../../../arm-none-eabi/lib/thumb/libc.a(lib_a-svfiscanf.o)
                0x000000000803ecf8                __ssrefill_r
 .text._sfread_r
                0x000000000803ed3c       0x90 /home/eix/Desktop/devkitARM/bin/../lib/gcc/arm-none-eabi/7.1.0/../../../../arm-none-eabi/lib/thumb/libc.a(lib_a-svfiscanf.o)
                0x000000000803ed3c                _sfread_r
 .text.__submore
                0x000000000803edcc       0x88 /home/eix/Desktop/devkitARM/bin/../lib/gcc/arm-none-eabi/7.1.0/../../../../arm-none-eabi/lib/thumb/libc.a(lib_a-ungetc.o)
                0x000000000803edcc                __submore
 .text._wcsnrtombs_l
                0x000000000803ee54      0x110 /home/eix/Desktop/devkitARM/bin/../lib/gcc/arm-none-eabi/7.1.0/../../../../arm-none-eabi/lib/thumb/libc.a(lib_a-wcsnrtombs.o)
                0x000000000803ee54                _wcsnrtombs_l
 .text._wcsnrtombs_r
                0x000000000803ef64       0x40 /home/eix/Desktop/devkitARM/bin/../lib/gcc/arm-none-eabi/7.1.0/../../../../arm-none-eabi/lib/thumb/libc.a(lib_a-wcsnrtombs.o)
                0x000000000803ef64                _wcsnrtombs_r
 .text._calloc_r
                0x000000000803efa4       0x60 /home/eix/Desktop/devkitARM/bin/../lib/gcc/arm-none-eabi/7.1.0/../../../../arm-none-eabi/lib/thumb/libc.a(lib_a-callocr.o)
                0x000000000803efa4                _calloc_r
 .text.rshift   0x000000000803f004       0xac /home/eix/Desktop/devkitARM/bin/../lib/gcc/arm-none-eabi/7.1.0/../../../../arm-none-eabi/lib/thumb/libc.a(lib_a-gdtoa-gethex.o)
 .text.__gethex
                0x000000000803f0b0      0x564 /home/eix/Desktop/devkitARM/bin/../lib/gcc/arm-none-eabi/7.1.0/../../../../arm-none-eabi/lib/thumb/libc.a(lib_a-gdtoa-gethex.o)
                0x000000000803f0b0                __gethex
 .text.__match  0x000000000803f614       0x34 /home/eix/Desktop/devkitARM/bin/../lib/gcc/arm-none-eabi/7.1.0/../../../../arm-none-eabi/lib/thumb/libc.a(lib_a-gdtoa-hexnan.o)
                0x000000000803f614                __match
 .text.__hexnan
                0x000000000803f648      0x1b4 /home/eix/Desktop/devkitARM/bin/../lib/gcc/arm-none-eabi/7.1.0/../../../../arm-none-eabi/lib/thumb/libc.a(lib_a-gdtoa-hexnan.o)
                0x000000000803f648                __hexnan
 .text._realloc_r
                0x000000000803f7fc      0x3c4 /home/eix/Desktop/devkitARM/bin/../lib/gcc/arm-none-eabi/7.1.0/../../../../arm-none-eabi/lib/thumb/libc.a(lib_a-reallocr.o)
                0x000000000803f7fc                _realloc_r
 .text._sbrk_r  0x000000000803fbc0       0x54 /home/eix/Desktop/devkitARM/bin/../lib/gcc/arm-none-eabi/7.1.0/../../../../arm-none-eabi/lib/thumb/libsysbase.a(sbrk.o)
                0x000000000803fbc0                _sbrk_r
 .text.__libc_lock_acquire_recursive
                0x000000000803fc14       0x1c /home/eix/Desktop/devkitARM/bin/../lib/gcc/arm-none-eabi/7.1.0/../../../../arm-none-eabi/lib/thumb/libsysbase.a(syscall_support.o)
                0x000000000803fc14                __libc_lock_acquire_recursive
 .text.__libc_lock_release_recursive
                0x000000000803fc30       0x1c /home/eix/Desktop/devkitARM/bin/../lib/gcc/arm-none-eabi/7.1.0/../../../../arm-none-eabi/lib/thumb/libsysbase.a(syscall_support.o)
                0x000000000803fc30                __libc_lock_release_recursive
 .text.__getreent
                0x000000000803fc4c       0x28 /home/eix/Desktop/devkitARM/bin/../lib/gcc/arm-none-eabi/7.1.0/../../../../arm-none-eabi/lib/thumb/libsysbase.a(getreent.o)
                0x000000000803fc4c                __getreent
 .text          0x000000000803fc74      0x424 /home/eix/Desktop/devkitARM/bin/../lib/gcc/arm-none-eabi/7.1.0/thumb/libgcc.a(_arm_addsubdf3.o)
                0x000000000803fc74                __aeabi_drsub
                0x000000000803fc7c                __aeabi_dsub
                0x000000000803fc7c                __subdf3
                0x000000000803fc80                __adddf3
                0x000000000803fc80                __aeabi_dadd
                0x000000000803ff90                __aeabi_ui2d
                0x000000000803ff90                __floatunsidf
                0x000000000803ffb4                __floatsidf
                0x000000000803ffb4                __aeabi_i2d
                0x000000000803ffdc                __extendsfdf2
                0x000000000803ffdc                __aeabi_f2d
                0x0000000008040024                __aeabi_ul2d
                0x0000000008040024                __floatundidf
                0x0000000008040038                __floatdidf
                0x0000000008040038                __aeabi_l2d
 .text          0x0000000008040098      0x49c /home/eix/Desktop/devkitARM/bin/../lib/gcc/arm-none-eabi/7.1.0/thumb/libgcc.a(_arm_muldivdf3.o)
                0x0000000008040098                __aeabi_dmul
                0x0000000008040098                __muldf3
                0x0000000008040328                __aeabi_ddiv
                0x0000000008040328                __divdf3
 .text          0x0000000008040534      0x144 /home/eix/Desktop/devkitARM/bin/../lib/gcc/arm-none-eabi/7.1.0/thumb/libgcc.a(_arm_cmpdf2.o)
                0x0000000008040534                __gtdf2
                0x0000000008040534                __gedf2
                0x000000000804053c                __ltdf2
                0x000000000804053c                __ledf2
                0x0000000008040544                __cmpdf2
                0x0000000008040544                __eqdf2
                0x0000000008040544                __nedf2
                0x00000000080405cc                __aeabi_cdrcmple
                0x00000000080405e8                __aeabi_cdcmple
                0x00000000080405e8                __aeabi_cdcmpeq
                0x0000000008040600                __aeabi_dcmpeq
                0x0000000008040618                __aeabi_dcmplt
                0x0000000008040630                __aeabi_dcmple
                0x0000000008040648                __aeabi_dcmpge
                0x0000000008040660                __aeabi_dcmpgt
 .text          0x0000000008040678       0x38 /home/eix/Desktop/devkitARM/bin/../lib/gcc/arm-none-eabi/7.1.0/thumb/libgcc.a(_arm_unorddf2.o)
                0x0000000008040678                __aeabi_dcmpun
                0x0000000008040678                __unorddf2
 .text          0x00000000080406b0       0x5c /home/eix/Desktop/devkitARM/bin/../lib/gcc/arm-none-eabi/7.1.0/thumb/libgcc.a(_arm_fixdfsi.o)
                0x00000000080406b0                __fixdfsi
                0x00000000080406b0                __aeabi_d2iz
 .text          0x000000000804070c       0x54 /home/eix/Desktop/devkitARM/bin/../lib/gcc/arm-none-eabi/7.1.0/thumb/libgcc.a(_arm_fixunsdfsi.o)
                0x000000000804070c                __fixunsdfsi
                0x000000000804070c                __aeabi_d2uiz
 .text          0x0000000008040760       0xa0 /home/eix/Desktop/devkitARM/bin/../lib/gcc/arm-none-eabi/7.1.0/thumb/libgcc.a(_arm_truncdfsf2.o)
                0x0000000008040760                __aeabi_d2f
                0x0000000008040760                __truncdfsf2
 .text.__stub   0x0000000008040800      0x114 linker stubs

.glue_7         0x0000000008040928        0x0
 .glue_7        0x0000000008040928        0x0 linker stubs

.glue_7t        0x0000000008040928        0x0
 .glue_7t       0x0000000008040928        0x0 linker stubs

.vfp11_veneer   0x0000000008040928        0x0
 .vfp11_veneer  0x0000000008040928        0x0 linker stubs

.v4_bx          0x0000000008040928        0x0
 .v4_bx         0x0000000008040928        0x0 linker stubs

.iplt           0x0000000008040928        0x0
 .iplt          0x0000000008040928        0x0 build/fatfs/ffsystem.o

.rodata         0x0000000008040930    0x112e0
 *(.rodata*)
 .rodata        0x0000000008040930       0xc0 build/fatfs/ff.o
 .rodata.str1.4
                0x00000000080409f0       0x50 build/fatfs/ff.o
 .rodata        0x0000000008040a40      0x3d4 build/fatfs/ffunicode.o
 .rodata        0x0000000008040e14       0xac build/crypto/keydb.o
 .rodata.str1.4
                0x0000000008040ec0       0x2b build/crypto/keydb.o
                                         0x43 (size before relaxing)
 *fill*         0x0000000008040eeb        0x1 
 .rodata        0x0000000008040eec      0xa60 build/common/ui.o
                0x0000000008040f48                font_size
 .rodata.str1.4
                0x000000000804194c      0x24c build/common/ui.o
                                        0x25c (size before relaxing)
 .rodata        0x0000000008041b98       0x10 build/common/power.o
 .rodata        0x0000000008041ba8       0x34 build/common/rtc.o
 .rodata.str1.4
                0x0000000008041bdc        0x7 build/system/tar.o
 *fill*         0x0000000008041be3        0x1 
 .rodata.str1.4
                0x0000000008041be4      0x1a0 build/system/xrq.o
                                        0x1b0 (size before relaxing)
 .rodata        0x0000000008041d84       0x30 build/system/i2c.o
 .rodata        0x0000000008041db4        0xc build/filesys/support.o
 .rodata.str1.4
                0x0000000008041dc0       0x33 build/filesys/support.o
                                         0x3b (size before relaxing)
 *fill*         0x0000000008041df3        0x1 
 .rodata.str1.4
                0x0000000008041df4       0x25 build/filesys/fsgame.o
                                         0x29 (size before relaxing)
 *fill*         0x0000000008041e19        0x3 
 .rodata.str1.4
                0x0000000008041e1c       0x2d build/filesys/fatmbr.o
 .rodata.str1.4
                0x0000000008041e49       0x2d build/filesys/vff.o
                                          0x7 (size before relaxing)
 *fill*         0x0000000008041e49        0x3 
 .rodata        0x0000000008041e4c       0xb8 build/filesys/fsdrive.o
 .rodata.str1.4
                0x0000000008041f04      0x23f build/filesys/fsdrive.o
                                        0x253 (size before relaxing)
 *fill*         0x0000000008042143        0x1 
 .rodata        0x0000000008042144       0x8e build/filesys/fsutil.o
 *fill*         0x00000000080421d2        0x2 
 .rodata.str1.4
                0x00000000080421d4      0x4f5 build/filesys/fsutil.o
                                        0x50d (size before relaxing)
 *fill*         0x00000000080426c9        0x3 
 .rodata        0x00000000080426cc       0x42 build/filesys/filetype.o
 *fill*         0x000000000804270e        0x2 
 .rodata.str1.4
                0x0000000008042710       0xa8 build/filesys/filetype.o
                                         0xc0 (size before relaxing)
 .rodata.str1.4
                0x00000000080427b8       0x37 build/filesys/fsinit.o
                                         0x43 (size before relaxing)
 *fill*         0x00000000080427ef        0x1 
 .rodata        0x00000000080427f0       0xc0 build/filesys/fsperm.o
 .rodata.str1.4
                0x00000000080428b0      0x798 build/filesys/fsperm.o
                                        0x7d8 (size before relaxing)
 .rodata.str1.4
                0x0000000008043048       0x4d build/filesys/sddata.o
                                         0x55 (size before relaxing)
 *fill*         0x0000000008043095        0x3 
 .rodata        0x0000000008043098       0x84 build/game/firm.o
 .rodata.str1.4
                0x000000000804311c        0xb build/game/firm.o
 *fill*         0x0000000008043127        0x1 
 .rodata.str1.4
                0x0000000008043128        0x6 build/game/ncchinfo.o
 *fill*         0x000000000804312e        0x2 
 .rodata        0x0000000008043130        0x8 build/game/boss.o
 .rodata        0x0000000008043138       0x10 build/game/ncch.o
 .rodata.str1.4
                0x0000000008043148       0x69 build/game/ncch.o
                                         0x79 (size before relaxing)
 *fill*         0x00000000080431b1        0x3 
 .rodata        0x00000000080431b4       0x20 build/game/nds.o
 *fill*         0x00000000080431d4        0xc 
 .rodata        0x00000000080431e0      0x15c build/game/ticket.o
 .rodata.str1.4
                0x000000000804333c       0x70 build/game/ticket.o
                                         0x98 (size before relaxing)
 .rodata        0x00000000080433ac       0x44 build/game/tmd.o
 .rodata.str1.4
                0x00000000080433f0       0x37 build/game/tmd.o
                                         0x48 (size before relaxing)
 *fill*         0x0000000008043427        0x1 
 .rodata        0x0000000008043428       0x24 build/game/gba.o
 .rodata        0x000000000804344c       0x40 build/game/cia.o
 .rodata.str1.4
                0x000000000804348c       0x10 build/game/cia.o
 .rodata        0x000000000804348c      0x100 build/game/smdh.o
 .rodata.str1.4
                0x000000000804358c        0x5 build/game/tad.o
 .rodata        0x000000000804358c       0x38 build/game/region.o
                0x000000000804358c                g_regionNamesLong
                0x00000000080435a8                g_regionNamesShort
 .rodata.str1.4
                0x00000000080435c4       0x5c build/game/region.o
 .rodata        0x0000000008043620       0x8c build/godmode.o
 .rodata.str1.4
                0x00000000080436ac     0x2912 build/godmode.o
                                       0x2a5e (size before relaxing)
 *fill*         0x0000000008045fbe        0x2 
 .rodata.str1.4
                0x0000000008045fc0       0x5c build/utils/keydbutil.o
                                         0x80 (size before relaxing)
 .rodata.str1.4
                0x000000000804601c      0x5e3 build/utils/scripting.o
                                        0x68b (size before relaxing)
 *fill*         0x00000000080465ff        0x1 
 .rodata        0x0000000008046600       0xe8 build/utils/nandutil.o
 .rodata.str1.4
                0x00000000080466e8      0x70c build/utils/nandutil.o
                                        0x744 (size before relaxing)
 .rodata        0x0000000008046df4       0x80 build/utils/gameutil.o
 .rodata.str1.4
                0x0000000008046e74      0x5fe build/utils/gameutil.o
                                        0x750 (size before relaxing)
 *fill*         0x0000000008047472        0x2 
 .rodata        0x0000000008047474       0xa0 build/utils/ctrtransfer.o
 .rodata.str1.4
                0x0000000008047514      0x111 build/utils/ctrtransfer.o
                                        0x14d (size before relaxing)
 *fill*         0x0000000008047625        0x3 
 .rodata        0x0000000008047628       0xb0 build/utils/sysinfo.o
 .rodata.str1.4
                0x00000000080476d8      0x1d8 build/utils/sysinfo.o
                                        0x23e (size before relaxing)
 .rodata        0x00000000080478b0       0x78 build/utils/nandcmac.o
 .rodata.str1.4
                0x0000000008047928      0x151 build/utils/nandcmac.o
                                        0x1bd (size before relaxing)
 *fill*         0x0000000008047a79        0x3 
 .rodata        0x0000000008047a7c      0x180 build/nand/nand.o
 .rodata.str1.4
                0x0000000008047bfc        0x4 build/nand/nand.o
                                          0xf (size before relaxing)
 .rodata        0x0000000008047c00      0x3c4 build/virtual/vmem.o
 .rodata.str1.4
                0x0000000008047fc4        0x4 build/virtual/vmem.o
 .rodata.str1.4
                0x0000000008047fc4       0x40 build/virtual/vcart.o
                                         0x48 (size before relaxing)
 .rodata        0x0000000008048004      0x480 build/virtual/vnand.o
 .rodata.str1.4
                0x0000000008048484       0x10 build/virtual/vnand.o
                                         0x11 (size before relaxing)
 .rodata.str1.4
                0x0000000008048494       0x36 build/virtual/vkeydb.o
                                         0x42 (size before relaxing)
 *fill*         0x00000000080484ca        0x2 
 .rodata        0x00000000080484cc       0x68 build/virtual/vgame.o
 .rodata.str1.4
                0x0000000008048534      0x268 build/virtual/vgame.o
                                        0x278 (size before relaxing)
 .rodata        0x000000000804879c       0xa8 build/virtual/vtickdb.o
 .rodata.str1.4
                0x0000000008048844       0x12 build/virtual/vtickdb.o
 *fill*         0x0000000008048856        0x2 
 .rodata        0x0000000008048858       0x32 build/virtual/virtual.o
 *fill*         0x000000000804888a        0x2 
 .rodata.str1.4
                0x000000000804888c        0x2 build/virtual/virtual.o
 *fill*         0x000000000804888e        0x2 
 .rodata        0x0000000008048890      0x1d0 build/qrcodegen/qrcodegen.o
 .rodata.str1.4
                0x0000000008048a60       0x2e build/qrcodegen/qrcodegen.o
 *fill*         0x0000000008048a8e        0x2 
 .rodata.str1.4
                0x0000000008048a90       0x20 build/gamecart/gamecart.o
 .rodata        0x0000000008048ab0        0x8 build/gamecart/command_ntr.o
 .rodata        0x0000000008048ab8       0x30 build/gamecart/command_ctr.o
 .rodata.str1.4
                0x0000000008048ae8       0x44 /home/eix/Desktop/devkitARM/bin/../lib/gcc/arm-none-eabi/7.1.0/../../../../arm-none-eabi/lib/thumb/libc.a(lib_a-locale.o)
                                         0x4c (size before relaxing)
 .rodata.get_arg
                0x0000000008048b2c     0x4f8c /home/eix/Desktop/devkitARM/bin/../lib/gcc/arm-none-eabi/7.1.0/../../../../arm-none-eabi/lib/thumb/libc.a(lib_a-svfprintf.o)
 .rodata._svfprintf_r
                0x000000000804dab8      0x16c /home/eix/Desktop/devkitARM/bin/../lib/gcc/arm-none-eabi/7.1.0/../../../../arm-none-eabi/lib/thumb/libc.a(lib_a-svfprintf.o)
 .rodata._svfprintf_r.str1.4
                0x000000000804dc24       0x21 /home/eix/Desktop/devkitARM/bin/../lib/gcc/arm-none-eabi/7.1.0/../../../../arm-none-eabi/lib/thumb/libc.a(lib_a-svfprintf.o)
                                         0x42 (size before relaxing)
 *fill*         0x000000000804dc45        0x3 
 .rodata.blanks.7287
                0x000000000804dc48       0x10 /home/eix/Desktop/devkitARM/bin/../lib/gcc/arm-none-eabi/7.1.0/../../../../arm-none-eabi/lib/thumb/libc.a(lib_a-svfprintf.o)
 .rodata.zeroes.7288
                0x000000000804dc58       0x10 /home/eix/Desktop/devkitARM/bin/../lib/gcc/arm-none-eabi/7.1.0/../../../../arm-none-eabi/lib/thumb/libc.a(lib_a-svfprintf.o)
 .rodata.__ssvfscanf_r
                0x000000000804dc68      0x460 /home/eix/Desktop/devkitARM/bin/../lib/gcc/arm-none-eabi/7.1.0/../../../../arm-none-eabi/lib/thumb/libc.a(lib_a-svfscanf.o)
 .rodata.__ssvfscanf_r.str1.4
                0x000000000804e0c8        0x5 /home/eix/Desktop/devkitARM/bin/../lib/gcc/arm-none-eabi/7.1.0/../../../../arm-none-eabi/lib/thumb/libc.a(lib_a-svfscanf.o)
 *fill*         0x000000000804e0cd        0x3 
 .rodata.basefix.7328
                0x000000000804e0d0       0x22 /home/eix/Desktop/devkitARM/bin/../lib/gcc/arm-none-eabi/7.1.0/../../../../arm-none-eabi/lib/thumb/libc.a(lib_a-svfscanf.o)
 *fill*         0x000000000804e0f2        0x2 
 .rodata._ctype_
                0x000000000804e0f4      0x101 /home/eix/Desktop/devkitARM/bin/../lib/gcc/arm-none-eabi/7.1.0/../../../../arm-none-eabi/lib/thumb/libc.a(lib_a-ctype_.o)
                0x000000000804e0f4                _ctype_
 *fill*         0x000000000804e1f5        0x3 
 .rodata._dtoa_r.str1.4
                0x000000000804e1f8       0x10 /home/eix/Desktop/devkitARM/bin/../lib/gcc/arm-none-eabi/7.1.0/../../../../arm-none-eabi/lib/thumb/libc.a(lib_a-dtoa.o)
                                         0x12 (size before relaxing)
 .rodata.__jp2uc
                0x000000000804e208       0x20 /home/eix/Desktop/devkitARM/bin/../lib/gcc/arm-none-eabi/7.1.0/../../../../arm-none-eabi/lib/thumb/libc.a(lib_a-jp2uc.o)
 .rodata._jp2uc.str1.4
                0x000000000804e228       0x12 /home/eix/Desktop/devkitARM/bin/../lib/gcc/arm-none-eabi/7.1.0/../../../../arm-none-eabi/lib/thumb/libc.a(lib_a-jp2uc.o)
 *fill*         0x000000000804e23a        0x2 
 .rodata.a1     0x000000000804e23c       0xbc /home/eix/Desktop/devkitARM/bin/../lib/gcc/arm-none-eabi/7.1.0/../../../../arm-none-eabi/lib/thumb/libc.a(lib_a-jp2uc.o)
 .rodata.a2     0x000000000804e2f8       0xbc /home/eix/Desktop/devkitARM/bin/../lib/gcc/arm-none-eabi/7.1.0/../../../../arm-none-eabi/lib/thumb/libc.a(lib_a-jp2uc.o)
 .rodata.a3     0x000000000804e3b4       0x5b /home/eix/Desktop/devkitARM/bin/../lib/gcc/arm-none-eabi/7.1.0/../../../../arm-none-eabi/lib/thumb/libc.a(lib_a-jp2uc.o)
 *fill*         0x000000000804e40f        0x1 
 .rodata.a6     0x000000000804e410       0x70 /home/eix/Desktop/devkitARM/bin/../lib/gcc/arm-none-eabi/7.1.0/../../../../arm-none-eabi/lib/thumb/libc.a(lib_a-jp2uc.o)
 .rodata.a7     0x000000000804e480       0xa2 /home/eix/Desktop/devkitARM/bin/../lib/gcc/arm-none-eabi/7.1.0/../../../../arm-none-eabi/lib/thumb/libc.a(lib_a-jp2uc.o)
 *fill*         0x000000000804e522        0x2 
 .rodata.a8     0x000000000804e524       0x40 /home/eix/Desktop/devkitARM/bin/../lib/gcc/arm-none-eabi/7.1.0/../../../../arm-none-eabi/lib/thumb/libc.a(lib_a-jp2uc.o)
 .rodata.b02cf  0x000000000804e564     0x172a /home/eix/Desktop/devkitARM/bin/../lib/gcc/arm-none-eabi/7.1.0/../../../../arm-none-eabi/lib/thumb/libc.a(lib_a-jp2uc.o)
 *fill*         0x000000000804fc8e        0x2 
 .rodata.d02f4  0x000000000804fc90     0x1a7c /home/eix/Desktop/devkitARM/bin/../lib/gcc/arm-none-eabi/7.1.0/../../../../arm-none-eabi/lib/thumb/libc.a(lib_a-jp2uc.o)
 .rodata._mbrtowc_r.str1.4
                0x000000000805170c        0x1 /home/eix/Desktop/devkitARM/bin/../lib/gcc/arm-none-eabi/7.1.0/../../../../arm-none-eabi/lib/thumb/libc.a(lib_a-mbrtowc.o)
 *fill*         0x000000000805170c        0x4 
 .rodata.__mprec_bigtens
                0x0000000008051710       0x28 /home/eix/Desktop/devkitARM/bin/../lib/gcc/arm-none-eabi/7.1.0/../../../../arm-none-eabi/lib/thumb/libc.a(lib_a-mprec.o)
                0x0000000008051710                __mprec_bigtens
 .rodata.__mprec_tens
                0x0000000008051738       0xc8 /home/eix/Desktop/devkitARM/bin/../lib/gcc/arm-none-eabi/7.1.0/../../../../arm-none-eabi/lib/thumb/libc.a(lib_a-mprec.o)
                0x0000000008051738                __mprec_tens
 .rodata.p05.6078
                0x0000000008051800        0xc /home/eix/Desktop/devkitARM/bin/../lib/gcc/arm-none-eabi/7.1.0/../../../../arm-none-eabi/lib/thumb/libc.a(lib_a-mprec.o)
 .rodata._strtod_l
                0x000000000805180c       0xd0 /home/eix/Desktop/devkitARM/bin/../lib/gcc/arm-none-eabi/7.1.0/../../../../arm-none-eabi/lib/thumb/libc.a(lib_a-strtod.o)
 .rodata._strtod_l.str1.4
                0x00000000080518dc        0xc /home/eix/Desktop/devkitARM/bin/../lib/gcc/arm-none-eabi/7.1.0/../../../../arm-none-eabi/lib/thumb/libc.a(lib_a-strtod.o)
                                          0xf (size before relaxing)
 .rodata.fpi.6164
                0x00000000080518e8       0x14 /home/eix/Desktop/devkitARM/bin/../lib/gcc/arm-none-eabi/7.1.0/../../../../arm-none-eabi/lib/thumb/libc.a(lib_a-strtod.o)
 .rodata.fpinan.6200
                0x00000000080518fc       0x14 /home/eix/Desktop/devkitARM/bin/../lib/gcc/arm-none-eabi/7.1.0/../../../../arm-none-eabi/lib/thumb/libc.a(lib_a-strtod.o)
 .rodata.tinytens
                0x0000000008051910       0x28 /home/eix/Desktop/devkitARM/bin/../lib/gcc/arm-none-eabi/7.1.0/../../../../arm-none-eabi/lib/thumb/libc.a(lib_a-strtod.o)
 .rodata.__action_table
                0x0000000008051938       0x6c /home/eix/Desktop/devkitARM/bin/../lib/gcc/arm-none-eabi/7.1.0/../../../../arm-none-eabi/lib/thumb/libc.a(lib_a-svfiprintf.o)
                0x0000000008051938                __action_table
 .rodata.__chclass
                0x00000000080519a4      0x100 /home/eix/Desktop/devkitARM/bin/../lib/gcc/arm-none-eabi/7.1.0/../../../../arm-none-eabi/lib/thumb/libc.a(lib_a-svfiprintf.o)
                0x00000000080519a4                __chclass
 .rodata.__state_table
                0x0000000008051aa4       0x6c /home/eix/Desktop/devkitARM/bin/../lib/gcc/arm-none-eabi/7.1.0/../../../../arm-none-eabi/lib/thumb/libc.a(lib_a-svfiprintf.o)
                0x0000000008051aa4                __state_table
 .rodata.__hexdig
                0x0000000008051b10      0x100 /home/eix/Desktop/devkitARM/bin/../lib/gcc/arm-none-eabi/7.1.0/../../../../arm-none-eabi/lib/thumb/libc.a(lib_a-gdtoa-gethex.o)
                0x0000000008051b10                __hexdig

.rel.dyn        0x0000000008051c10        0x0
 .rel.iplt      0x0000000008051c10        0x0 build/fatfs/ffsystem.o

.data           0x0000000008051c10     0x13a0
 *(.data*)
 .data          0x0000000008051c10       0xd0 build/fatfs/diskio.o
                0x0000000008051c10                DriveInfo
 .data          0x0000000008051ce0        0x4 build/common/power.o
 .data          0x0000000008051ce4        0x1 build/common/timer.o
 *fill*         0x0000000008051ce5        0x3 