
Allocating common symbols
Common symbol       size              file

handler_table       0x200             build/gic.o

Discarded input sections

 .data          0x0000000000000000        0x0 build/irq.o
 .bss           0x0000000000000000        0x0 build/irq.o
 .text          0x0000000000000000        0x0 build/boot.o
 .data          0x0000000000000000        0x0 build/boot.o
 .bss           0x0000000000000000        0x0 build/boot.o
 .data          0x0000000000000000        0x0 build/gpulcd.o
 .bss           0x0000000000000000        0x0 build/gpulcd.o
 .bss           0x0000000000000000        0x0 build/main.o
 .data          0x0000000000000000        0x0 build/gic.o
 .bss           0x0000000000000000        0x0 build/gic.o

Memory Configuration

Name             Origin             Length             Attributes
*default*        0x0000000000000000 0xffffffffffffffff

Linker script and memory map

LOAD build/irq.o
LOAD build/boot.o
LOAD build/gpulcd.o
LOAD build/main.o
LOAD build/gic.o
START GROUP
LOAD /home/eix/Desktop/devkitARM/bin/../lib/gcc/arm-none-eabi/7.1.0/libgcc.a
LOAD /home/eix/Desktop/devkitARM/bin/../lib/gcc/arm-none-eabi/7.1.0/../../../../arm-none-eabi/lib/libc.a
LOAD /home/eix/Desktop/devkitARM/bin/../lib/gcc/arm-none-eabi/7.1.0/../../../../arm-none-eabi/lib/libsysbase.a
END GROUP
                0x000000001ff80000                . = 0x1ff80000

.text           0x000000001ff80000      0x7b0
 *(.text.boot)
 .text.boot     0x000000001ff80000       0x60 build/boot.o
                0x000000001ff80000                __boot
 *(.text*)
 .text          0x000000001ff80060       0x3c build/irq.o
                0x000000001ff80060                main_irq_handler
 .text          0x000000001ff8009c      0x3fc build/gpulcd.o
                0x000000001ff8009c                LCD_SetBrightness
                0x000000001ff800bc                LCD_Initialize
                0x000000001ff800f8                LCD_Deinitialize
                0x000000001ff80118                GPU_PSCFill
                0x000000001ff80180                GPU_SetFramebuffers
                0x000000001ff801c4                GPU_SetFramebufferMode
                0x000000001ff80218                GPU_Init
 .text          0x000000001ff80498       0xe0 build/main.o
                0x000000001ff80498                PXI_IRQHandler
 .text.startup  0x000000001ff80578       0xcc build/main.o
                0x000000001ff80578                main
 .text          0x000000001ff80644      0x16c build/gic.o
                0x000000001ff80644                GIC_AckIRQ
                0x000000001ff80670                GIC_SetIRQ
                0x000000001ff806c8                GIC_Reset
                0x000000001ff807b0                . = ALIGN (0x4)

.glue_7         0x000000001ff807b0        0x0
 .glue_7        0x000000001ff807b0        0x0 linker stubs

.glue_7t        0x000000001ff807b0        0x0
 .glue_7t       0x000000001ff807b0        0x0 linker stubs

.vfp11_veneer   0x000000001ff807b0        0x0
 .vfp11_veneer  0x000000001ff807b0        0x0 linker stubs

.v4_bx          0x000000001ff807b0        0x0
 .v4_bx         0x000000001ff807b0        0x0 linker stubs

.iplt           0x000000001ff807b0        0x0
 .iplt          0x000000001ff807b0        0x0 build/irq.o

.rodata         0x000000001ff807b0       0x18
 *(.rodata*)
 .rodata        0x000000001ff807b0       0x18 build/main.o
                0x000000001ff807c8                . = ALIGN (0x4)

.rel.dyn        0x000000001ff807c8        0x0
 .rel.iplt      0x000000001ff807c8        0x0 build/irq.o

.data           0x000000001ff807c8      0x208
 *(.data*)
 .data          0x000000001ff807c8        0x4 build/main.o
                0x000000001ff807c8                entrypoint
                0x000000001ff807d0                . = ALIGN (0x8)
 *fill*         0x000000001ff807cc        0x4 
 *(.bss* COMMON)
 COMMON         0x000000001ff807d0      0x200 build/gic.o
                0x000000001ff807d0                handler_table
                0x000000001ff809d0                . = ALIGN (0x8)

.igot.plt       0x000000001ff809d0        0x0
 .igot.plt      0x000000001ff809d0        0x0 build/irq.o

.bss            0x000000001ff809d0        0x0
                0x000000001ff809d0                __bss_start = .
 *(.bss*)
                0x000000001ff809d0                __bss_end = .
                0x000000001ff809d0                . = ALIGN (0x4)
                0x000000001fffe000                __stack_top = 0x1fffe000
OUTPUT(arm11.elf elf32-littlearm)

.ARM.attributes
                0x0000000000000000       0x28
 .ARM.attributes
                0x0000000000000000       0x1e build/irq.o
 .ARM.attributes
                0x000000000000001e       0x1e build/boot.o
 .ARM.attributes
                0x000000000000003c       0x2c build/gpulcd.o
 .ARM.attributes
                0x0000000000000068       0x2c build/main.o
 .ARM.attributes
                0x0000000000000094       0x2c build/gic.o

.comment        0x0000000000000000       0x22
 .comment       0x0000000000000000       0x22 build/gpulcd.o
                                         0x23 (size before relaxing)
 .comment       0x0000000000000022       0x23 build/main.o
 .comment       0x0000000000000022       0x23 build/gic.o

.debug_line     0x0000000000000000      0x62a
 .debug_line    0x0000000000000000       0x48 build/irq.o
 .debug_line    0x0000000000000048       0x54 build/boot.o
 .debug_line    0x000000000000009c      0x201 build/gpulcd.o
 .debug_line    0x000000000000029d      0x20c build/main.o
 .debug_line    0x00000000000004a9      0x181 build/gic.o

.debug_info     0x0000000000000000      0x9d2
 .debug_info    0x0000000000000000       0x5b build/irq.o
 .debug_info    0x000000000000005b       0x5c build/boot.o
 .debug_info    0x00000000000000b7      0x284 build/gpulcd.o
 .debug_info    0x000000000000033b      0x4ca build/main.o
 .debug_info    0x0000000000000805      0x1cd build/gic.o

.debug_abbrev   0x0000000000000000      0x4c8
 .debug_abbrev  0x0000000000000000       0x14 build/irq.o
 .debug_abbrev  0x0000000000000014       0x14 build/boot.o
 .debug_abbrev  0x0000000000000028      0x16c build/gpulcd.o
 .debug_abbrev  0x0000000000000194      0x216 build/main.o
 .debug_abbrev  0x00000000000003aa      0x11e build/gic.o

.debug_aranges  0x0000000000000000       0xa8
 .debug_aranges
                0x0000000000000000       0x20 build/irq.o
 .debug_aranges
                0x0000000000000020       0x20 build/boot.o
 .debug_aranges
                0x0000000000000040       0x20 build/gpulcd.o
 .debug_aranges
                0x0000000000000060       0x28 build/main.o
 .debug_aranges
                0x0000000000000088       0x20 build/gic.o

.debug_loc      0x0000000000000000      0x2e2
 .debug_loc     0x0000000000000000      0x129 build/gpulcd.o
 .debug_loc     0x0000000000000129       0xd0 build/main.o
 .debug_loc     0x00000000000001f9       0xe9 build/gic.o

.debug_ranges   0x0000000000000000      0x170
 .debug_ranges  0x0000000000000000       0x58 build/gpulcd.o
 .debug_ranges  0x0000000000000058       0xd8 build/main.o
 .debug_ranges  0x0000000000000130       0x40 build/gic.o

.debug_str      0x0000000000000000      0x33d
 .debug_str     0x0000000000000000      0x1e0 build/gpulcd.o
                                        0x225 (size before relaxing)
 .debug_str     0x00000000000001e0      0x11a build/main.o
                                        0x2cb (size before relaxing)
 .debug_str     0x00000000000002fa       0x43 build/gic.o
                                        0x1ba (size before relaxing)

.debug_frame    0x0000000000000000      0x148
 .debug_frame   0x0000000000000000       0xa0 build/gpulcd.o
 .debug_frame   0x00000000000000a0       0x54 build/main.o
 .debug_frame   0x00000000000000f4       0x54 build/gic.o
